Component: ARM Compiler 6.16 Tool: armlink [5dfeaa00]

==============================================================================

Section Cross References

    startup_stm32f401xe.o(RESET) refers to startup_stm32f401xe.o(STACK) for __initial_sp
    startup_stm32f401xe.o(RESET) refers to startup_stm32f401xe.o(.text) for Reset_Handler
    startup_stm32f401xe.o(RESET) refers to stm32f4xx_it.o(.text.NMI_Handler) for NMI_Handler
    startup_stm32f401xe.o(RESET) refers to stm32f4xx_it.o(.text.HardFault_Handler) for HardFault_Handler
    startup_stm32f401xe.o(RESET) refers to stm32f4xx_it.o(.text.MemManage_Handler) for MemManage_Handler
    startup_stm32f401xe.o(RESET) refers to stm32f4xx_it.o(.text.BusFault_Handler) for BusFault_Handler
    startup_stm32f401xe.o(RESET) refers to stm32f4xx_it.o(.text.UsageFault_Handler) for UsageFault_Handler
    startup_stm32f401xe.o(RESET) refers to stm32f4xx_it.o(.text.SVC_Handler) for SVC_Handler
    startup_stm32f401xe.o(RESET) refers to stm32f4xx_it.o(.text.DebugMon_Handler) for DebugMon_Handler
    startup_stm32f401xe.o(RESET) refers to stm32f4xx_it.o(.text.PendSV_Handler) for PendSV_Handler
    startup_stm32f401xe.o(RESET) refers to stm32f4xx_it.o(.text.SysTick_Handler) for SysTick_Handler
    startup_stm32f401xe.o(.text) refers to system_stm32f4xx.o(.text.SystemInit) for SystemInit
    startup_stm32f401xe.o(.text) refers to entry.o(.ARM.Collect$$$$00000000) for __main
    main.o(.text.main) refers to stm32f4xx_hal.o(.text.HAL_Init) for HAL_Init
    main.o(.text.main) refers to main.o(.text.SystemClock_Config) for SystemClock_Config
    main.o(.text.main) refers to stm32f4xx_hal_gpio.o(.text.HAL_GPIO_WritePin) for HAL_GPIO_WritePin
    main.o(.text.main) refers to stm32f4xx_hal_gpio.o(.text.HAL_GPIO_Init) for HAL_GPIO_Init
    main.o(.text.main) refers to main.o(.bss.huart2) for huart2
    main.o(.text.main) refers to stm32f4xx_hal_uart.o(.text.HAL_UART_Init) for HAL_UART_Init
    main.o(.text.main) refers to main.o(.data.l1_act) for l1_act
    main.o(.text.main) refers to main.o(.bss.temp) for temp
    main.o(.text.main) refers to main.o(.bss.l2act_bin) for l2act_bin
    main.o(.text.main) refers to main.o(.bss.img_buffer1) for img_buffer1
    main.o(.text.main) refers to main.o(.bss..L_MergedGlobals.2) for .L_MergedGlobals.2
    main.o(.text.main) refers to main.o(.data.l1wght) for l1wght
    main.o(.text.main) refers to arm_convolve_hwc_q15_basic.o(.text.arm_convolve_HWC_q15_basic) for arm_convolve_HWC_q15_basic
    main.o(.text.main) refers to batch.o(.text.arm_maxpool_q15_HWC_ref) for arm_maxpool_q15_HWC_ref
    main.o(.text.main) refers to main.o(.data.bn1thr) for bn1thr
    main.o(.text.main) refers to main.o(.data.bn1offset) for bn1offset
    main.o(.text.main) refers to main.o(.data..L_MergedGlobals) for .L_MergedGlobals
    main.o(.text.main) refers to batch.o(.text.batch_norm_first_layer) for batch_norm_first_layer
    main.o(.text.main) refers to main.o(.data.bn2thr) for bn2thr
    main.o(.text.main) refers to main.o(.data.bn2offset) for bn2offset
    main.o(.text.main) refers to main.o(.bss.l3act_bin) for l3act_bin
    main.o(.text.main) refers to main.o(.data.l2wght) for l2wght
    main.o(.text.main) refers to xnor_cn.o(.text.CnXnorWrap) for CnXnorWrap
    main.o(.text.main) refers to main.o(.data.bn3thr) for bn3thr
    main.o(.text.main) refers to main.o(.data.bn3offset) for bn3offset
    main.o(.text.main) refers to main.o(.bss.l4act_bin) for l4act_bin
    main.o(.text.main) refers to main.o(.data.l3wght) for l3wght
    main.o(.text.main) refers to main.o(.data..L_MergedGlobals.1) for .L_MergedGlobals.1
    main.o(.text.main) refers to main.o(.data.l4wght) for l4wght
    main.o(.text.main) refers to xnor_cn.o(.text.CnXnorNoBinWrap) for CnXnorNoBinWrap
    main.o(.ARM.exidx.text.main) refers to main.o(.text.main) for [Anonymous Symbol]
    main.o(.text.SystemClock_Config) refers to stm32f4xx_hal_rcc.o(.text.HAL_RCC_OscConfig) for HAL_RCC_OscConfig
    main.o(.text.SystemClock_Config) refers to stm32f4xx_hal_rcc.o(.text.HAL_RCC_ClockConfig) for HAL_RCC_ClockConfig
    main.o(.ARM.exidx.text.SystemClock_Config) refers to main.o(.text.SystemClock_Config) for [Anonymous Symbol]
    main.o(.ARM.exidx.text.Error_Handler) refers to main.o(.text.Error_Handler) for [Anonymous Symbol]
    stm32f4xx_it.o(.ARM.exidx.text.NMI_Handler) refers to stm32f4xx_it.o(.text.NMI_Handler) for [Anonymous Symbol]
    stm32f4xx_it.o(.ARM.exidx.text.HardFault_Handler) refers to stm32f4xx_it.o(.text.HardFault_Handler) for [Anonymous Symbol]
    stm32f4xx_it.o(.ARM.exidx.text.MemManage_Handler) refers to stm32f4xx_it.o(.text.MemManage_Handler) for [Anonymous Symbol]
    stm32f4xx_it.o(.ARM.exidx.text.BusFault_Handler) refers to stm32f4xx_it.o(.text.BusFault_Handler) for [Anonymous Symbol]
    stm32f4xx_it.o(.ARM.exidx.text.UsageFault_Handler) refers to stm32f4xx_it.o(.text.UsageFault_Handler) for [Anonymous Symbol]
[...]
    Removing transformfunctions.o(.ARM.exidx.text.arm_cfft_f64), (8 bytes).
    Removing transformfunctions.o(.text.arm_cfft_q15), (310 bytes).
    Removing transformfunctions.o(.ARM.exidx.text.arm_cfft_q15), (8 bytes).
    Removing transformfunctions.o(.text.arm_radix4_butterfly_inverse_q15), (604 bytes).
    Removing transformfunctions.o(.ARM.exidx.text.arm_radix4_butterfly_inverse_q15), (8 bytes).
    Removing transformfunctions.o(.text.arm_cfft_radix4by2_inverse_q15), (542 bytes).
    Removing transformfunctions.o(.ARM.exidx.text.arm_cfft_radix4by2_inverse_q15), (8 bytes).
    Removing transformfunctions.o(.text.arm_radix4_butterfly_q15), (604 bytes).
    Removing transformfunctions.o(.ARM.exidx.text.arm_radix4_butterfly_q15), (8 bytes).
    Removing transformfunctions.o(.text.arm_cfft_radix4by2_q15), (542 bytes).
    Removing transformfunctions.o(.ARM.exidx.text.arm_cfft_radix4by2_q15), (8 bytes).
    Removing transformfunctions.o(.text.arm_cfft_q31), (584 bytes).
    Removing transformfunctions.o(.ARM.exidx.text.arm_cfft_q31), (8 bytes).
    Removing transformfunctions.o(.text.arm_radix4_butterfly_inverse_q31), (1232 bytes).
    Removing transformfunctions.o(.ARM.exidx.text.arm_radix4_butterfly_inverse_q31), (8 bytes).
    Removing transformfunctions.o(.text.arm_cfft_radix4by2_inverse_q31), (804 bytes).
    Removing transformfunctions.o(.ARM.exidx.text.arm_cfft_radix4by2_inverse_q31), (8 bytes).
    Removing transformfunctions.o(.text.arm_radix4_butterfly_q31), (1220 bytes).
    Removing transformfunctions.o(.ARM.exidx.text.arm_radix4_butterfly_q31), (8 bytes).
    Removing transformfunctions.o(.text.arm_cfft_radix4by2_q31), (872 bytes).
    Removing transformfunctions.o(.ARM.exidx.text.arm_cfft_radix4by2_q31), (8 bytes).
    Removing transformfunctions.o(.text.arm_cfft_init_f32), (194 bytes).
    Removing transformfunctions.o(.ARM.exidx.text.arm_cfft_init_f32), (8 bytes).
    Removing transformfunctions.o(.text.arm_cfft_init_f64), (194 bytes).
    Removing transformfunctions.o(.ARM.exidx.text.arm_cfft_init_f64), (8 bytes).
    Removing transformfunctions.o(.text.arm_cfft_init_q15), (194 bytes).
    Removing transformfunctions.o(.ARM.exidx.text.arm_cfft_init_q15), (8 bytes).
    Removing transformfunctions.o(.text.arm_cfft_init_q31), (194 bytes).
    Removing transformfunctions.o(.ARM.exidx.text.arm_cfft_init_q31), (8 bytes).
    Removing transformfunctions.o(.text.arm_cfft_radix2_f32), (64 bytes).
    Removing transformfunctions.o(.ARM.exidx.text.arm_cfft_radix2_f32), (8 bytes).
    Removing transformfunctions.o(.text.arm_radix2_butterfly_inverse_f32), (1418 bytes).
    Removing transformfunctions.o(.ARM.exidx.text.arm_radix2_butterfly_inverse_f32), (8 bytes).
    Removing transformfunctions.o(.text.arm_radix2_butterfly_f32), (1386 bytes).
    Removing transformfunctions.o(.ARM.exidx.text.arm_radix2_butterfly_f32), (8 bytes).
    Removing transformfunctions.o(.text.arm_cfft_radix2_init_f32), (240 bytes).
    Removing transformfunctions.o(.ARM.exidx.text.arm_cfft_radix2_init_f32), (8 bytes).
    Removing transformfunctions.o(.text.arm_cfft_radix2_init_q15), (164 bytes).
    Removing transformfunctions.o(.ARM.exidx.text.arm_cfft_radix2_init_q15), (8 bytes).
    Removing transformfunctions.o(.text.arm_cfft_radix2_init_q31), (164 bytes).
    Removing transformfunctions.o(.ARM.exidx.text.arm_cfft_radix2_init_q31), (8 bytes).
    Removing transformfunctions.o(.text.arm_cfft_radix2_q15), (158 bytes).
    Removing transformfunctions.o(.ARM.exidx.text.arm_cfft_radix2_q15), (8 bytes).
    Removing transformfunctions.o(.text.arm_radix2_butterfly_inverse_q15), (438 bytes).
    Removing transformfunctions.o(.ARM.exidx.text.arm_radix2_butterfly_inverse_q15), (8 bytes).
    Removing transformfunctions.o(.text.arm_radix2_butterfly_q15), (440 bytes).
    Removing transformfunctions.o(.ARM.exidx.text.arm_radix2_butterfly_q15), (8 bytes).
    Removing transformfunctions.o(.text.arm_cfft_radix2_q31), (202 bytes).
    Removing transformfunctions.o(.ARM.exidx.text.arm_cfft_radix2_q31), (8 bytes).
    Removing transformfunctions.o(.text.arm_radix2_butterfly_inverse_q31), (1014 bytes).
    Removing transformfunctions.o(.ARM.exidx.text.arm_radix2_butterfly_inverse_q31), (8 bytes).
    Removing transformfunctions.o(.text.arm_radix2_butterfly_q31), (1024 bytes).
    Removing transformfunctions.o(.ARM.exidx.text.arm_radix2_butterfly_q31), (8 bytes).
    Removing transformfunctions.o(.text.arm_cfft_radix4_f32), (64 bytes).
    Removing transformfunctions.o(.ARM.exidx.text.arm_cfft_radix4_f32), (8 bytes).
    Removing transformfunctions.o(.text.arm_radix4_butterfly_inverse_f32), (662 bytes).
    Removing transformfunctions.o(.ARM.exidx.text.arm_radix4_butterfly_inverse_f32), (8 bytes).
    Removing transformfunctions.o(.text.arm_radix4_butterfly_f32), (432 bytes).
    Removing transformfunctions.o(.ARM.exidx.text.arm_radix4_butterfly_f32), (8 bytes).
    Removing transformfunctions.o(.text.arm_cfft_radix4_init_f32), (152 bytes).
    Removing transformfunctions.o(.ARM.exidx.text.arm_cfft_radix4_init_f32), (8 bytes).
    Removing transformfunctions.o(.text.arm_cfft_radix4_init_q15), (108 bytes).
    Removing transformfunctions.o(.ARM.exidx.text.arm_cfft_radix4_init_q15), (8 bytes).
    Removing transformfunctions.o(.text.arm_cfft_radix4_init_q31), (108 bytes).
    Removing transformfunctions.o(.ARM.exidx.text.arm_cfft_radix4_init_q31), (8 bytes).
    Removing transformfunctions.o(.text.arm_cfft_radix4_q15), (170 bytes).
    Removing transformfunctions.o(.ARM.exidx.text.arm_cfft_radix4_q15), (8 bytes).
    Removing transformfunctions.o(.text.arm_cfft_radix4_q31), (210 bytes).
    Removing transformfunctions.o(.ARM.exidx.text.arm_cfft_radix4_q31), (8 bytes).
    Removing transformfunctions.o(.text.arm_dct4_f32), (746 bytes).
    Removing transformfunctions.o(.ARM.exidx.text.arm_dct4_f32), (8 bytes).
    Removing transformfunctions.o(.text.arm_rfft_f32), (2010 bytes).
    Removing transformfunctions.o(.ARM.exidx.text.arm_rfft_f32), (8 bytes).
    Removing transformfunctions.o(.text.arm_dct4_init_f32), (156 bytes).
    Removing transformfunctions.o(.ARM.exidx.text.arm_dct4_init_f32), (8 bytes).
    Removing transformfunctions.o(.text.arm_rfft_init_f32), (360 bytes).
    Removing transformfunctions.o(.ARM.exidx.text.arm_rfft_init_f32), (8 bytes).
    Removing transformfunctions.o(.text.arm_dct4_init_q15), (452 bytes).
    Removing transformfunctions.o(.ARM.exidx.text.arm_dct4_init_q15), (8 bytes).
    Removing transformfunctions.o(.text.arm_rfft_init_q15), (216 bytes).
    Removing transformfunctions.o(.ARM.exidx.text.arm_rfft_init_q15), (8 bytes).
    Removing transformfunctions.o(.text.arm_dct4_init_q31), (452 bytes).
    Removing transformfunctions.o(.ARM.exidx.text.arm_dct4_init_q31), (8 bytes).
    Removing transformfunctions.o(.text.arm_rfft_init_q31), (216 bytes).
    Removing transformfunctions.o(.ARM.exidx.text.arm_rfft_init_q31), (8 bytes).
    Removing transformfunctions.o(.text.arm_dct4_q15), (768 bytes).
    Removing transformfunctions.o(.ARM.exidx.text.arm_dct4_q15), (8 bytes).
    Removing transformfunctions.o(.text.arm_rfft_q15), (448 bytes).
    Removing transformfunctions.o(.ARM.exidx.text.arm_rfft_q15), (8 bytes).
    Removing transformfunctions.o(.text.arm_dct4_q31), (768 bytes).
    Removing transformfunctions.o(.ARM.exidx.text.arm_dct4_q31), (8 bytes).
    Removing transformfunctions.o(.text.arm_rfft_q31), (304 bytes).
    Removing transformfunctions.o(.ARM.exidx.text.arm_rfft_q31), (8 bytes).
    Removing transformfunctions.o(.text.arm_split_rifft_f32), (784 bytes).
    Removing transformfunctions.o(.ARM.exidx.text.arm_split_rifft_f32), (8 bytes).
    Removing transformfunctions.o(.text.arm_split_rfft_f32), (1062 bytes).
    Removing transformfunctions.o(.ARM.exidx.text.arm_split_rfft_f32), (8 bytes).
    Removing transformfunctions.o(.text.stage_rfft_f32), (784 bytes).
    Removing transformfunctions.o(.ARM.exidx.text.stage_rfft_f32), (8 bytes).
    Removing transformfunctions.o(.text.merge_rfft_f32), (780 bytes).
    Removing transformfunctions.o(.ARM.exidx.text.merge_rfft_f32), (8 bytes).
    Removing transformfunctions.o(.text.arm_rfft_fast_f32), (1636 bytes).
    Removing transformfunctions.o(.ARM.exidx.text.arm_rfft_fast_f32), (8 bytes).
    Removing transformfunctions.o(.text.stage_rfft_f64), (2038 bytes).
    Removing transformfunctions.o(.ARM.exidx.text.stage_rfft_f64), (8 bytes).
    Removing transformfunctions.o(.text.merge_rfft_f64), (2018 bytes).
    Removing transformfunctions.o(.ARM.exidx.text.merge_rfft_f64), (8 bytes).
    Removing transformfunctions.o(.text.arm_rfft_fast_f64), (76 bytes).
    Removing transformfunctions.o(.ARM.exidx.text.arm_rfft_fast_f64), (8 bytes).
    Removing transformfunctions.o(.text.arm_rfft_fast_init_f32), (154 bytes).
    Removing transformfunctions.o(.ARM.exidx.text.arm_rfft_fast_init_f32), (8 bytes).
    Removing transformfunctions.o(.text.arm_rfft_4096_fast_init_f32), (58 bytes).
    Removing transformfunctions.o(.ARM.exidx.text.arm_rfft_4096_fast_init_f32), (8 bytes).
    Removing transformfunctions.o(.text.arm_rfft_2048_fast_init_f32), (58 bytes).
    Removing transformfunctions.o(.ARM.exidx.text.arm_rfft_2048_fast_init_f32), (8 bytes).
    Removing transformfunctions.o(.text.arm_rfft_1024_fast_init_f32), (58 bytes).
    Removing transformfunctions.o(.ARM.exidx.text.arm_rfft_1024_fast_init_f32), (8 bytes).
    Removing transformfunctions.o(.text.arm_rfft_512_fast_init_f32), (58 bytes).
    Removing transformfunctions.o(.ARM.exidx.text.arm_rfft_512_fast_init_f32), (8 bytes).
    Removing transformfunctions.o(.text.arm_rfft_256_fast_init_f32), (54 bytes).
    Removing transformfunctions.o(.ARM.exidx.text.arm_rfft_256_fast_init_f32), (8 bytes).
    Removing transformfunctions.o(.text.arm_rfft_128_fast_init_f32), (54 bytes).
    Removing transformfunctions.o(.ARM.exidx.text.arm_rfft_128_fast_init_f32), (8 bytes).
    Removing transformfunctions.o(.text.arm_rfft_64_fast_init_f32), (54 bytes).
    Removing transformfunctions.o(.ARM.exidx.text.arm_rfft_64_fast_init_f32), (8 bytes).
    Removing transformfunctions.o(.text.arm_rfft_32_fast_init_f32), (54 bytes).
    Removing transformfunctions.o(.ARM.exidx.text.arm_rfft_32_fast_init_f32), (8 bytes).
    Removing transformfunctions.o(.text.arm_rfft_fast_init_f64), (154 bytes).
    Removing transformfunctions.o(.ARM.exidx.text.arm_rfft_fast_init_f64), (8 bytes).
    Removing transformfunctions.o(.text.arm_rfft_4096_fast_init_f64), (62 bytes).
    Removing transformfunctions.o(.ARM.exidx.text.arm_rfft_4096_fast_init_f64), (8 bytes).
    Removing transformfunctions.o(.text.arm_rfft_2048_fast_init_f64), (62 bytes).
    Removing transformfunctions.o(.ARM.exidx.text.arm_rfft_2048_fast_init_f64), (8 bytes).
    Removing transformfunctions.o(.text.arm_rfft_1024_fast_init_f64), (62 bytes).
    Removing transformfunctions.o(.ARM.exidx.text.arm_rfft_1024_fast_init_f64), (8 bytes).
    Removing transformfunctions.o(.text.arm_rfft_512_fast_init_f64), (62 bytes).
    Removing transformfunctions.o(.ARM.exidx.text.arm_rfft_512_fast_init_f64), (8 bytes).
    Removing transformfunctions.o(.text.arm_rfft_256_fast_init_f64), (58 bytes).
    Removing transformfunctions.o(.ARM.exidx.text.arm_rfft_256_fast_init_f64), (8 bytes).
    Removing transformfunctions.o(.text.arm_rfft_128_fast_init_f64), (58 bytes).
    Removing transformfunctions.o(.ARM.exidx.text.arm_rfft_128_fast_init_f64), (8 bytes).
    Removing transformfunctions.o(.text.arm_rfft_64_fast_init_f64), (58 bytes).
    Removing transformfunctions.o(.ARM.exidx.text.arm_rfft_64_fast_init_f64), (8 bytes).
    Removing transformfunctions.o(.text.arm_rfft_32_fast_init_f64), (58 bytes).
    Removing transformfunctions.o(.ARM.exidx.text.arm_rfft_32_fast_init_f64), (8 bytes).
    Removing transformfunctions.o(.text.arm_split_rifft_q15), (100 bytes).
    Removing transformfunctions.o(.ARM.exidx.text.arm_split_rifft_q15), (8 bytes).
    Removing transformfunctions.o(.text.arm_split_rfft_q15), (180 bytes).
    Removing transformfunctions.o(.ARM.exidx.text.arm_split_rfft_q15), (8 bytes).
    Removing transformfunctions.o(.text.arm_split_rifft_q31), (136 bytes).
    Removing transformfunctions.o(.ARM.exidx.text.arm_split_rifft_q31), (8 bytes).
    Removing transformfunctions.o(.text.arm_split_rfft_q31), (274 bytes).
    Removing transformfunctions.o(.ARM.exidx.text.arm_split_rfft_q31), (8 bytes).
    Removing arm_nn_activations_q15.o(.text), (0 bytes).
    Removing arm_nn_activations_q15.o(.text.arm_nn_activations_direct_q15), (452 bytes).
    Removing arm_nn_activations_q15.o(.ARM.exidx.text.arm_nn_activations_direct_q15), (8 bytes).
    Removing arm_nn_activations_q7.o(.text), (0 bytes).
    Removing arm_nn_activations_q7.o(.text.arm_nn_activations_direct_q7), (206 bytes).
    Removing arm_nn_activations_q7.o(.ARM.exidx.text.arm_nn_activations_direct_q7), (8 bytes).
    Removing arm_relu6_s8.o(.text), (0 bytes).
    Removing arm_relu6_s8.o(.text.arm_relu6_s8), (192 bytes).
    Removing arm_relu6_s8.o(.ARM.exidx.text.arm_relu6_s8), (8 bytes).
    Removing arm_relu_q15.o(.text), (0 bytes).
    Removing arm_relu_q15.o(.text.arm_relu_q15), (70 bytes).
    Removing arm_relu_q15.o(.ARM.exidx.text.arm_relu_q15), (8 bytes).
    Removing arm_relu_q7.o(.text), (0 bytes).
    Removing arm_relu_q7.o(.text.arm_relu_q7), (108 bytes).
    Removing arm_relu_q7.o(.ARM.exidx.text.arm_relu_q7), (8 bytes).
    Removing arm_elementwise_add_s8.o(.text), (0 bytes).
    Removing arm_elementwise_add_s8.o(.text.arm_elementwise_add_s8), (3218 bytes).
    Removing arm_elementwise_add_s8.o(.ARM.exidx.text.arm_elementwise_add_s8), (8 bytes).
    Removing arm_elementwise_mul_s8.o(.text), (0 bytes).
    Removing arm_elementwise_mul_s8.o(.text.arm_elementwise_mul_s8), (1448 bytes).
    Removing arm_elementwise_mul_s8.o(.ARM.exidx.text.arm_elementwise_mul_s8), (8 bytes).
    Removing arm_concatenation_s8_w.o(.text), (0 bytes).
    Removing arm_concatenation_s8_w.o(.text.arm_concatenation_s8_w), (32 bytes).
    Removing arm_concatenation_s8_w.o(.ARM.exidx.text.arm_concatenation_s8_w), (8 bytes).
    Removing arm_concatenation_s8_x.o(.text), (0 bytes).
    Removing arm_concatenation_s8_x.o(.text.arm_concatenation_s8_x), (178 bytes).
    Removing arm_concatenation_s8_x.o(.ARM.exidx.text.arm_concatenation_s8_x), (8 bytes).
    Removing arm_concatenation_s8_y.o(.text), (0 bytes).
    Removing arm_concatenation_s8_y.o(.text.arm_concatenation_s8_y), (262 bytes).
    Removing arm_concatenation_s8_y.o(.ARM.exidx.text.arm_concatenation_s8_y), (8 bytes).
    Removing arm_concatenation_s8_z.o(.text), (0 bytes).
    Removing arm_concatenation_s8_z.o(.text.arm_concatenation_s8_z), (282 bytes).
    Removing arm_concatenation_s8_z.o(.ARM.exidx.text.arm_concatenation_s8_z), (8 bytes).
    Removing arm_convolve_1_x_n_s8.o(.text), (0 bytes).
    Removing arm_convolve_1_x_n_s8.o(.text.arm_convolve_1_x_n_s8), (122 bytes).
    Removing arm_convolve_1_x_n_s8.o(.ARM.exidx.text.arm_convolve_1_x_n_s8), (8 bytes).
    Removing arm_convolve_1_x_n_s8.o(.text.arm_convolve_1_x_n_s8_get_buffer_size), (8 bytes).
    Removing arm_convolve_1_x_n_s8.o(.ARM.exidx.text.arm_convolve_1_x_n_s8_get_buffer_size), (8 bytes).
    Removing arm_convolve_1x1_hwc_q7_fast_nonsquare.o(.text), (0 bytes).
    Removing arm_convolve_1x1_hwc_q7_fast_nonsquare.o(.text.arm_convolve_1x1_HWC_q7_fast_nonsquare), (604 bytes).
    Removing arm_convolve_1x1_hwc_q7_fast_nonsquare.o(.ARM.exidx.text.arm_convolve_1x1_HWC_q7_fast_nonsquare), (8 bytes).
    Removing arm_convolve_1x1_s8_fast.o(.text), (0 bytes).
    Removing arm_convolve_1x1_s8_fast.o(.text.arm_convolve_1x1_s8_fast), (120 bytes).
    Removing arm_convolve_1x1_s8_fast.o(.ARM.exidx.text.arm_convolve_1x1_s8_fast), (8 bytes).
    Removing arm_convolve_1x1_s8_fast.o(.text.arm_convolve_1x1_s8_fast_get_buffer_size), (4 bytes).
    Removing arm_convolve_1x1_s8_fast.o(.ARM.exidx.text.arm_convolve_1x1_s8_fast_get_buffer_size), (8 bytes).
    Removing arm_convolve_hwc_q15_basic.o(.text), (0 bytes).
    Removing arm_convolve_hwc_q15_basic.o(.ARM.exidx.text.arm_convolve_HWC_q15_basic), (8 bytes).
    Removing arm_convolve_hwc_q15_fast.o(.text), (0 bytes).
    Removing arm_convolve_hwc_q15_fast.o(.text.arm_convolve_HWC_q15_fast), (1782 bytes).
    Removing arm_convolve_hwc_q15_fast.o(.ARM.exidx.text.arm_convolve_HWC_q15_fast), (8 bytes).
    Removing arm_convolve_hwc_q15_fast_nonsquare.o(.text), (0 bytes).
    Removing arm_convolve_hwc_q15_fast_nonsquare.o(.text.arm_convolve_HWC_q15_fast_nonsquare), (1782 bytes).
    Removing arm_convolve_hwc_q15_fast_nonsquare.o(.ARM.exidx.text.arm_convolve_HWC_q15_fast_nonsquare), (8 bytes).
    Removing arm_convolve_hwc_q7_rgb.o(.text), (0 bytes).
    Removing arm_convolve_hwc_q7_rgb.o(.text.arm_convolve_HWC_q7_RGB), (1404 bytes).
    Removing arm_convolve_hwc_q7_rgb.o(.ARM.exidx.text.arm_convolve_HWC_q7_RGB), (8 bytes).
    Removing arm_convolve_hwc_q7_basic.o(.text), (0 bytes).
    Removing arm_convolve_hwc_q7_basic.o(.text.arm_convolve_HWC_q7_basic), (1422 bytes).
    Removing arm_convolve_hwc_q7_basic.o(.ARM.exidx.text.arm_convolve_HWC_q7_basic), (8 bytes).
    Removing arm_convolve_hwc_q7_basic_nonsquare.o(.text), (0 bytes).
    Removing arm_convolve_hwc_q7_basic_nonsquare.o(.text.arm_convolve_HWC_q7_basic_nonsquare), (1432 bytes).
    Removing arm_convolve_hwc_q7_basic_nonsquare.o(.ARM.exidx.text.arm_convolve_HWC_q7_basic_nonsquare), (8 bytes).
    Removing arm_convolve_hwc_q7_fast.o(.text), (0 bytes).
    Removing arm_convolve_hwc_q7_fast.o(.text.arm_convolve_HWC_q7_fast), (2714 bytes).
    Removing arm_convolve_hwc_q7_fast.o(.ARM.exidx.text.arm_convolve_HWC_q7_fast), (8 bytes).
    Removing arm_convolve_hwc_q7_fast_nonsquare.o(.text), (0 bytes).
    Removing arm_convolve_hwc_q7_fast_nonsquare.o(.text.arm_convolve_HWC_q7_fast_nonsquare), (2844 bytes).
    Removing arm_convolve_hwc_q7_fast_nonsquare.o(.ARM.exidx.text.arm_convolve_HWC_q7_fast_nonsquare), (8 bytes).
    Removing arm_convolve_s8.o(.text), (0 bytes).
    Removing arm_convolve_s8.o(.text.arm_convolve_s8), (1764 bytes).
    Removing arm_convolve_s8.o(.ARM.exidx.text.arm_convolve_s8), (8 bytes).
    Removing arm_convolve_s8.o(.text.arm_convolve_s8_get_buffer_size), (8 bytes).
    Removing arm_convolve_s8.o(.ARM.exidx.text.arm_convolve_s8_get_buffer_size), (8 bytes).
    Removing arm_depthwise_conv_3x3_s8.o(.text), (0 bytes).
    Removing arm_depthwise_conv_3x3_s8.o(.text.arm_depthwise_conv_3x3_s8), (2238 bytes).
    Removing arm_depthwise_conv_3x3_s8.o(.ARM.exidx.text.arm_depthwise_conv_3x3_s8), (8 bytes).
    Removing arm_depthwise_conv_s8.o(.text), (0 bytes).
    Removing arm_depthwise_conv_s8.o(.text.arm_depthwise_conv_s8), (2892 bytes).
    Removing arm_depthwise_conv_s8.o(.ARM.exidx.text.arm_depthwise_conv_s8), (8 bytes).
    Removing arm_depthwise_conv_s8_opt.o(.text), (0 bytes).
    Removing arm_depthwise_conv_s8_opt.o(.text.arm_depthwise_conv_s8_opt), (2254 bytes).
    Removing arm_depthwise_conv_s8_opt.o(.ARM.exidx.text.arm_depthwise_conv_s8_opt), (8 bytes).
    Removing arm_depthwise_conv_s8_opt.o(.text.arm_depthwise_conv_s8_opt_get_buffer_size), (8 bytes).
    Removing arm_depthwise_conv_s8_opt.o(.ARM.exidx.text.arm_depthwise_conv_s8_opt_get_buffer_size), (8 bytes).
    Removing arm_depthwise_conv_u8_basic_ver1.o(.text), (0 bytes).
    Removing arm_depthwise_conv_u8_basic_ver1.o(.text.arm_depthwise_conv_u8_basic_ver1), (846 bytes).
    Removing arm_depthwise_conv_u8_basic_ver1.o(.ARM.exidx.text.arm_depthwise_conv_u8_basic_ver1), (8 bytes).
    Removing arm_depthwise_separable_conv_hwc_q7.o(.text), (0 bytes).
    Removing arm_depthwise_separable_conv_hwc_q7.o(.text.arm_depthwise_separable_conv_HWC_q7), (1690 bytes).
    Removing arm_depthwise_separable_conv_hwc_q7.o(.ARM.exidx.text.arm_depthwise_separable_conv_HWC_q7), (8 bytes).
    Removing arm_depthwise_separable_conv_hwc_q7_nonsquare.o(.text), (0 bytes).
    Removing arm_depthwise_separable_conv_hwc_q7_nonsquare.o(.text.arm_depthwise_separable_conv_HWC_q7_nonsquare), (1730 bytes).
    Removing arm_depthwise_separable_conv_hwc_q7_nonsquare.o(.ARM.exidx.text.arm_depthwise_separable_conv_HWC_q7_nonsquare), (8 bytes).
    Removing arm_nn_depthwise_conv_s8_core.o(.text), (0 bytes).
    Removing arm_nn_depthwise_conv_s8_core.o(.text.arm_nn_depthwise_conv_s8_core), (4 bytes).
    Removing arm_nn_depthwise_conv_s8_core.o(.ARM.exidx.text.arm_nn_depthwise_conv_s8_core), (8 bytes).
    Removing arm_nn_mat_mult_kernel_q7_q15.o(.text), (0 bytes).
    Removing arm_nn_mat_mult_kernel_q7_q15.o(.text.arm_nn_mat_mult_kernel_q7_q15), (818 bytes).
    Removing arm_nn_mat_mult_kernel_q7_q15.o(.ARM.exidx.text.arm_nn_mat_mult_kernel_q7_q15), (8 bytes).
    Removing arm_nn_mat_mult_kernel_q7_q15_reordered.o(.text), (0 bytes).
    Removing arm_nn_mat_mult_kernel_q7_q15_reordered.o(.text.arm_nn_mat_mult_kernel_q7_q15_reordered), (530 bytes).
    Removing arm_nn_mat_mult_kernel_q7_q15_reordered.o(.ARM.exidx.text.arm_nn_mat_mult_kernel_q7_q15_reordered), (8 bytes).
    Removing arm_nn_mat_mult_kernel_s8_s16.o(.text), (0 bytes).
    Removing arm_nn_mat_mult_kernel_s8_s16.o(.text.arm_nn_mat_mult_kernel_s8_s16), (1564 bytes).
    Removing arm_nn_mat_mult_kernel_s8_s16.o(.ARM.exidx.text.arm_nn_mat_mult_kernel_s8_s16), (8 bytes).
    Removing arm_nn_mat_mult_kernel_s8_s16_reordered.o(.text), (0 bytes).
    Removing arm_nn_mat_mult_kernel_s8_s16_reordered.o(.text.arm_nn_mat_mult_kernel_s8_s16_reordered), (1246 bytes).
    Removing arm_nn_mat_mult_kernel_s8_s16_reordered.o(.ARM.exidx.text.arm_nn_mat_mult_kernel_s8_s16_reordered), (8 bytes).
    Removing arm_nn_mat_mult_s8.o(.text), (0 bytes).
    Removing arm_nn_mat_mult_s8.o(.text.arm_nn_mat_mult_s8), (4 bytes).
    Removing arm_nn_mat_mult_s8.o(.ARM.exidx.text.arm_nn_mat_mult_s8), (8 bytes).
    Removing arm_fully_connected_mat_q7_vec_q15.o(.text), (0 bytes).
    Removing arm_fully_connected_mat_q7_vec_q15.o(.text.arm_fully_connected_mat_q7_vec_q15), (1030 bytes).
    Removing arm_fully_connected_mat_q7_vec_q15.o(.ARM.exidx.text.arm_fully_connected_mat_q7_vec_q15), (8 bytes).
    Removing arm_fully_connected_mat_q7_vec_q15_opt.o(.text), (0 bytes).
    Removing arm_fully_connected_mat_q7_vec_q15_opt.o(.text.arm_fully_connected_mat_q7_vec_q15_opt), (1290 bytes).
    Removing arm_fully_connected_mat_q7_vec_q15_opt.o(.ARM.exidx.text.arm_fully_connected_mat_q7_vec_q15_opt), (8 bytes).
    Removing arm_fully_connected_q15.o(.text), (0 bytes).
    Removing arm_fully_connected_q15.o(.text.arm_fully_connected_q15), (1000 bytes).
    Removing arm_fully_connected_q15.o(.ARM.exidx.text.arm_fully_connected_q15), (8 bytes).
    Removing arm_fully_connected_q15_opt.o(.text), (0 bytes).
    Removing arm_fully_connected_q15_opt.o(.text.arm_fully_connected_q15_opt), (1234 bytes).
    Removing arm_fully_connected_q15_opt.o(.ARM.exidx.text.arm_fully_connected_q15_opt), (8 bytes).
    Removing arm_fully_connected_q7.o(.text), (0 bytes).
    Removing arm_fully_connected_q7.o(.text.arm_fully_connected_q7), (1012 bytes).
    Removing arm_fully_connected_q7.o(.ARM.exidx.text.arm_fully_connected_q7), (8 bytes).
    Removing arm_fully_connected_q7_opt.o(.text), (0 bytes).
    Removing arm_fully_connected_q7_opt.o(.text.arm_fully_connected_q7_opt), (988 bytes).
    Removing arm_fully_connected_q7_opt.o(.ARM.exidx.text.arm_fully_connected_q7_opt), (8 bytes).
    Removing arm_fully_connected_s8.o(.text), (0 bytes).
    Removing arm_fully_connected_s8.o(.text.arm_fully_connected_s8), (86 bytes).
    Removing arm_fully_connected_s8.o(.ARM.exidx.text.arm_fully_connected_s8), (8 bytes).
    Removing arm_fully_connected_s8.o(.text.arm_fully_connected_s8_get_buffer_size), (4 bytes).
    Removing arm_fully_connected_s8.o(.ARM.exidx.text.arm_fully_connected_s8_get_buffer_size), (8 bytes).
    Removing arm_nn_accumulate_q7_to_q15.o(.text), (0 bytes).
    Removing arm_nn_accumulate_q7_to_q15.o(.text.arm_nn_accumulate_q7_to_q15), (122 bytes).
    Removing arm_nn_accumulate_q7_to_q15.o(.ARM.exidx.text.arm_nn_accumulate_q7_to_q15), (8 bytes).
    Removing arm_nn_add_q7.o(.text), (0 bytes).
    Removing arm_nn_add_q7.o(.text.arm_nn_add_q7), (88 bytes).
    Removing arm_nn_add_q7.o(.ARM.exidx.text.arm_nn_add_q7), (8 bytes).
    Removing arm_nn_mat_mul_core_1x_s8.o(.text), (0 bytes).
    Removing arm_nn_mat_mul_core_1x_s8.o(.text.arm_nn_mat_mul_core_1x_s8), (234 bytes).
    Removing arm_nn_mat_mul_core_1x_s8.o(.ARM.exidx.text.arm_nn_mat_mul_core_1x_s8), (8 bytes).
    Removing arm_nn_mat_mul_core_4x_s8.o(.text), (0 bytes).
    Removing arm_nn_mat_mul_core_4x_s8.o(.text.arm_nn_mat_mul_core_4x_s8), (520 bytes).
    Removing arm_nn_mat_mul_core_4x_s8.o(.ARM.exidx.text.arm_nn_mat_mul_core_4x_s8), (8 bytes).
    Removing arm_nn_mat_mult_nt_t_s8.o(.text), (0 bytes).
    Removing arm_nn_mat_mult_nt_t_s8.o(.text.arm_nn_mat_mult_nt_t_s8), (3592 bytes).
    Removing arm_nn_mat_mult_nt_t_s8.o(.ARM.exidx.text.arm_nn_mat_mult_nt_t_s8), (8 bytes).
    Removing arm_nn_mult_q15.o(.text), (0 bytes).
    Removing arm_nn_mult_q15.o(.text.arm_nn_mult_q15), (362 bytes).
    Removing arm_nn_mult_q15.o(.ARM.exidx.text.arm_nn_mult_q15), (8 bytes).
    Removing arm_nn_mult_q7.o(.text), (0 bytes).
    Removing arm_nn_mult_q7.o(.text.arm_nn_mult_q7), (924 bytes).
    Removing arm_nn_mult_q7.o(.ARM.exidx.text.arm_nn_mult_q7), (8 bytes).
    Removing arm_nn_vec_mat_mult_t_s8.o(.text), (0 bytes).
    Removing arm_nn_vec_mat_mult_t_s8.o(.text.arm_nn_vec_mat_mult_t_s8), (1678 bytes).
    Removing arm_nn_vec_mat_mult_t_s8.o(.ARM.exidx.text.arm_nn_vec_mat_mult_t_s8), (8 bytes).
    Removing arm_nntables.o(.text), (0 bytes).
    Removing arm_nntables.o(.rodata.sigmoidTable_q7), (256 bytes).
    Removing arm_nntables.o(.rodata.sigmoidTable_q15), (512 bytes).
    Removing arm_nntables.o(.rodata.sigmoidLTable_q15), (256 bytes).
    Removing arm_nntables.o(.rodata.sigmoidHTable_q15), (384 bytes).
    Removing arm_nntables.o(.rodata.tanhTable_q7), (256 bytes).
    Removing arm_nntables.o(.rodata.tanhTable_q15), (512 bytes).
    Removing arm_nntables.o(.rodata.tanhLTable_q15), (256 bytes).
    Removing arm_nntables.o(.rodata.tanhHTable_q15), (384 bytes).
    Removing arm_q7_to_q15_no_shift.o(.text), (0 bytes).
    Removing arm_q7_to_q15_no_shift.o(.text.arm_q7_to_q15_no_shift), (98 bytes).
    Removing arm_q7_to_q15_no_shift.o(.ARM.exidx.text.arm_q7_to_q15_no_shift), (8 bytes).
    Removing arm_q7_to_q15_reordered_no_shift.o(.text), (0 bytes).
    Removing arm_q7_to_q15_reordered_no_shift.o(.text.arm_q7_to_q15_reordered_no_shift), (88 bytes).
    Removing arm_q7_to_q15_reordered_no_shift.o(.ARM.exidx.text.arm_q7_to_q15_reordered_no_shift), (8 bytes).
    Removing arm_q7_to_q15_reordered_with_offset.o(.text), (0 bytes).
    Removing arm_q7_to_q15_reordered_with_offset.o(.text.arm_q7_to_q15_reordered_with_offset), (98 bytes).
    Removing arm_q7_to_q15_reordered_with_offset.o(.ARM.exidx.text.arm_q7_to_q15_reordered_with_offset), (8 bytes).
    Removing arm_q7_to_q15_with_offset.o(.text), (0 bytes).
    Removing arm_q7_to_q15_with_offset.o(.text.arm_q7_to_q15_with_offset), (114 bytes).
    Removing arm_q7_to_q15_with_offset.o(.ARM.exidx.text.arm_q7_to_q15_with_offset), (8 bytes).
    Removing arm_avgpool_s8.o(.text), (0 bytes).
    Removing arm_avgpool_s8.o(.text.arm_avgpool_s8), (396 bytes).
    Removing arm_avgpool_s8.o(.ARM.exidx.text.arm_avgpool_s8), (8 bytes).
    Removing arm_avgpool_s8.o(.text.arm_avgpool_s8_get_buffer_size), (4 bytes).
    Removing arm_avgpool_s8.o(.ARM.exidx.text.arm_avgpool_s8_get_buffer_size), (8 bytes).
    Removing arm_max_pool_s8.o(.text), (0 bytes).
    Removing arm_max_pool_s8.o(.text.arm_max_pool_s8), (1020 bytes).
    Removing arm_max_pool_s8.o(.ARM.exidx.text.arm_max_pool_s8), (8 bytes).
    Removing arm_max_pool_s8_opt.o(.text), (0 bytes).
    Removing arm_max_pool_s8_opt.o(.text.arm_max_pool_s8_opt), (2676 bytes).
    Removing arm_max_pool_s8_opt.o(.ARM.exidx.text.arm_max_pool_s8_opt), (8 bytes).
    Removing arm_pool_q7_hwc.o(.text), (0 bytes).
    Removing arm_pool_q7_hwc.o(.text.arm_maxpool_q7_HWC), (2282 bytes).
    Removing arm_pool_q7_hwc.o(.ARM.exidx.text.arm_maxpool_q7_HWC), (8 bytes).
    Removing arm_pool_q7_hwc.o(.text.arm_avepool_q7_HWC), (1146 bytes).
    Removing arm_pool_q7_hwc.o(.ARM.exidx.text.arm_avepool_q7_HWC), (8 bytes).
    Removing arm_reshape_s8.o(.text), (0 bytes).
    Removing arm_reshape_s8.o(.text.arm_reshape_s8), (10 bytes).
    Removing arm_reshape_s8.o(.ARM.exidx.text.arm_reshape_s8), (8 bytes).
    Removing arm_softmax_q15.o(.text), (0 bytes).
    Removing arm_softmax_q15.o(.text.arm_softmax_q15), (224 bytes).
    Removing arm_softmax_q15.o(.ARM.exidx.text.arm_softmax_q15), (8 bytes).
    Removing arm_softmax_q7.o(.text), (0 bytes).
    Removing arm_softmax_q7.o(.text.arm_softmax_q7), (542 bytes).
    Removing arm_softmax_q7.o(.ARM.exidx.text.arm_softmax_q7), (8 bytes).
    Removing arm_softmax_s8.o(.text), (0 bytes).
    Removing arm_softmax_s8.o(.text.arm_softmax_s8), (2282 bytes).
    Removing arm_softmax_s8.o(.ARM.exidx.text.arm_softmax_s8), (8 bytes).
    Removing arm_softmax_u8.o(.text), (0 bytes).
    Removing arm_softmax_u8.o(.text.arm_softmax_u8), (2278 bytes).
    Removing arm_softmax_u8.o(.ARM.exidx.text.arm_softmax_u8), (8 bytes).
    Removing arm_softmax_with_batch_q7.o(.text), (0 bytes).
    Removing arm_softmax_with_batch_q7.o(.text.arm_softmax_with_batch_q7), (46 bytes).
    Removing arm_softmax_with_batch_q7.o(.ARM.exidx.text.arm_softmax_with_batch_q7), (8 bytes).
    Removing dadd.o(.text), (334 bytes).
    Removing dmul.o(.text), (228 bytes).
    Removing ddiv.o(.text), (222 bytes).
    Removing dcmpeq.o(.text), (56 bytes).
    Removing dfltui.o(.text), (26 bytes).
    Removing ffixl.o(.text), (66 bytes).
    Removing f2d.o(.text), (38 bytes).
    Removing d2f.o(.text), (56 bytes).
    Removing fepilogue.o(.text), (110 bytes).
    Removing depilogue.o(.text), (186 bytes).
    Removing dneg.o(.text), (6 bytes).
    Removing dflti.o(.text), (34 bytes).
    Removing cdcmple.o(.text), (48 bytes).
    Removing fpstat.o(.text), (4 bytes).

1753 unused section(s) (total 1274016 bytes) removed from the image.

==============================================================================

Image Symbol Table

    Local Symbols

    Symbol Name                              Value     Ov Type        Size  Object(Section)

    ../clib/../cmprslib/zerorunl2.c          0x00000000   Number         0  __dczerorl2.o ABSOLUTE
    ../clib/microlib/division.c              0x00000000   Number         0  uldiv.o ABSOLUTE
    ../clib/microlib/division.c              0x00000000   Number         0  ldiv.o ABSOLUTE
    ../clib/microlib/errno.c                 0x00000000   Number         0  errno.o ABSOLUTE
    ../clib/microlib/init/entry.s            0x00000000   Number         0  entry.o ABSOLUTE
    ../clib/microlib/init/entry.s            0x00000000   Number         0  entry2.o ABSOLUTE
    ../clib/microlib/init/entry.s            0x00000000   Number         0  entry5.o ABSOLUTE
    ../clib/microlib/init/entry.s            0x00000000   Number         0  entry7a.o ABSOLUTE
    ../clib/microlib/init/entry.s            0x00000000   Number         0  entry7b.o ABSOLUTE
    ../clib/microlib/init/entry.s            0x00000000   Number         0  entry8a.o ABSOLUTE
    ../clib/microlib/init/entry.s            0x00000000   Number         0  entry8b.o ABSOLUTE
    ../clib/microlib/init/entry.s            0x00000000   Number         0  entry9a.o ABSOLUTE
    ../clib/microlib/init/entry.s            0x00000000   Number         0  entry9b.o ABSOLUTE
    ../clib/microlib/init/entry.s            0x00000000   Number         0  entry10a.o ABSOLUTE
    ../clib/microlib/init/entry.s            0x00000000   Number         0  entry10b.o ABSOLUTE
    ../clib/microlib/init/entry.s            0x00000000   Number         0  entry11a.o ABSOLUTE
    ../clib/microlib/init/entry.s            0x00000000   Number         0  entry11b.o ABSOLUTE
    ../clib/microlib/longlong.c              0x00000000   Number         0  llshl.o ABSOLUTE
    ../clib/microlib/longlong.c              0x00000000   Number         0  llushr.o ABSOLUTE
    ../clib/microlib/longlong.c              0x00000000   Number         0  llsshr.o ABSOLUTE
    ../clib/microlib/malloc/malloc.c         0x00000000   Number         0  malloc.o ABSOLUTE
    ../clib/microlib/malloc/malloc.c         0x00000000   Number         0  mallocr.o ABSOLUTE
    ../clib/microlib/malloc/malloc.c         0x00000000   Number         0  malloca.o ABSOLUTE
    ../clib/microlib/malloc/malloc.c         0x00000000   Number         0  mallocra.o ABSOLUTE
    ../clib/microlib/malloc/mvars.c          0x00000000   Number         0  mvars.o ABSOLUTE
    ../clib/microlib/string/memcpy.c         0x00000000   Number         0  memcpya.o ABSOLUTE
    ../clib/microlib/string/memcpy.c         0x00000000   Number         0  memmovea.o ABSOLUTE
    ../clib/microlib/string/memcpy.c         0x00000000   Number         0  memcpyb.o ABSOLUTE
    ../clib/microlib/string/memcpy.c         0x00000000   Number         0  memmoveb.o ABSOLUTE
    ../clib/microlib/string/memset.c         0x00000000   Number         0  memseta.o ABSOLUTE
    ../clib/microlib/stubs.s                 0x00000000   Number         0  iusefp.o ABSOLUTE
    ../fplib/microlib/d2f.c                  0x00000000   Number         0  d2f.o ABSOLUTE
    ../fplib/microlib/f2d.c                  0x00000000   Number         0  f2d.o ABSOLUTE
    ../fplib/microlib/fpadd.c                0x00000000   Number         0  dadd.o ABSOLUTE
    ../fplib/microlib/fpcmp.c                0x00000000   Number         0  dcmpeq.o ABSOLUTE
    ../fplib/microlib/fpdiv.c                0x00000000   Number         0  ddiv.o ABSOLUTE
    ../fplib/microlib/fpepilogue.c           0x00000000   Number         0  fepilogue.o ABSOLUTE
    ../fplib/microlib/fpepilogue.c           0x00000000   Number         0  depilogue.o ABSOLUTE
    ../fplib/microlib/fpfix.c                0x00000000   Number         0  ffixl.o ABSOLUTE
    ../fplib/microlib/fpflt.c                0x00000000   Number         0  dfltui.o ABSOLUTE
    ../fplib/microlib/fpflt.c                0x00000000   Number         0  dflti.o ABSOLUTE
    ../fplib/microlib/fpmul.c                0x00000000   Number         0  dmul.o ABSOLUTE
    ../fplib/microlib/fpneg.c                0x00000000   Number         0  dneg.o ABSOLUTE
    ../fplib/microlib/fpstat.c               0x00000000   Number         0  fpstat.o ABSOLUTE
    ../mathlib/dunder.c                      0x00000000   Number         0  dunder.o ABSOLUTE
    ../mathlib/expf.c                        0x00000000   Number         0  expf.o ABSOLUTE
    ../mathlib/fpclassifyf.c                 0x00000000   Number         0  fpclassifyf.o ABSOLUTE
    ../mathlib/funder.c                      0x00000000   Number         0  funder.o ABSOLUTE
    ../mathlib/log.c                         0x00000000   Number         0  log.o ABSOLUTE
    ../mathlib/logf.c                        0x00000000   Number         0  logf.o ABSOLUTE
    ../mathlib/poly.c                        0x00000000   Number         0  poly.o ABSOLUTE
    ../mathlib/powf.c                        0x00000000   Number         0  powf.o ABSOLUTE
    ../mathlib/qnan.c                        0x00000000   Number         0  qnan.o ABSOLUTE
    ../mathlib/sqrtf.c                       0x00000000   Number         0  sqrtf.o ABSOLUTE
    ../mathlib/tanhf.c                       0x00000000   Number         0  tanhf.o ABSOLUTE
    3pxnet_cn.c                              0x00000000   Number         0  3pxnet_cn.o ABSOLUTE
    3pxnet_fc.c                              0x00000000   Number         0  3pxnet_fc.o ABSOLUTE
    BasicMathFunctions.c                     0x00000000   Number         0  basicmathfunctions.o ABSOLUTE
    BayesFunctions.c                         0x00000000   Number         0  bayesfunctions.o ABSOLUTE
    CommonTables.c                           0x00000000   Number         0  commontables.o ABSOLUTE
    ComplexMathFunctions.c                   0x00000000   Number         0  complexmathfunctions.o ABSOLUTE
    ControllerFunctions.c                    0x00000000   Number         0  controllerfunctions.o ABSOLUTE
    DistanceFunctions.c                      0x00000000   Number         0  distancefunctions.o ABSOLUTE
    FastMathFunctions.c                      0x00000000   Number         0  fastmathfunctions.o ABSOLUTE
    FilteringFunctions.c                     0x00000000   Number         0  filteringfunctions.o ABSOLUTE
    MatrixFunctions.c                        0x00000000   Number         0  matrixfunctions.o ABSOLUTE
    SVMFunctions.c                           0x00000000   Number         0  svmfunctions.o ABSOLUTE
    StatisticsFunctions.c                    0x00000000   Number         0  statisticsfunctions.o ABSOLUTE
    SupportFunctions.c                       0x00000000   Number         0  supportfunctions.o ABSOLUTE
    TransformFunctions.c                     0x00000000   Number         0  transformfunctions.o ABSOLUTE
    arm_avgpool_s8.c                         0x00000000   Number         0  arm_avgpool_s8.o ABSOLUTE
    arm_concatenation_s8_w.c                 0x00000000   Number         0  arm_concatenation_s8_w.o ABSOLUTE
    arm_concatenation_s8_x.c                 0x00000000   Number         0  arm_concatenation_s8_x.o ABSOLUTE
    arm_concatenation_s8_y.c                 0x00000000   Number         0  arm_concatenation_s8_y.o ABSOLUTE
    arm_concatenation_s8_z.c                 0x00000000   Number         0  arm_concatenation_s8_z.o ABSOLUTE
    arm_convolve_1_x_n_s8.c                  0x00000000   Number         0  arm_convolve_1_x_n_s8.o ABSOLUTE
    arm_convolve_1x1_HWC_q7_fast_nonsquare.c 0x00000000   Number         0  arm_convolve_1x1_hwc_q7_fast_nonsquare.o ABSOLUTE
    arm_convolve_1x1_s8_fast.c               0x00000000   Number         0  arm_convolve_1x1_s8_fast.o ABSOLUTE
    arm_convolve_HWC_q15_basic.c             0x00000000   Number         0  arm_convolve_hwc_q15_basic.o ABSOLUTE
    arm_convolve_HWC_q15_fast.c              0x00000000   Number         0  arm_convolve_hwc_q15_fast.o ABSOLUTE
    arm_convolve_HWC_q15_fast_nonsquare.c    0x00000000   Number         0  arm_convolve_hwc_q15_fast_nonsquare.o ABSOLUTE
    arm_convolve_HWC_q7_RGB.c                0x00000000   Number         0  arm_convolve_hwc_q7_rgb.o ABSOLUTE
    arm_convolve_HWC_q7_basic.c              0x00000000   Number         0  arm_convolve_hwc_q7_basic.o ABSOLUTE
    arm_convolve_HWC_q7_basic_nonsquare.c    0x00000000   Number         0  arm_convolve_hwc_q7_basic_nonsquare.o ABSOLUTE
    arm_convolve_HWC_q7_fast.c               0x00000000   Number         0  arm_convolve_hwc_q7_fast.o ABSOLUTE
    arm_convolve_HWC_q7_fast_nonsquare.c     0x00000000   Number         0  arm_convolve_hwc_q7_fast_nonsquare.o ABSOLUTE
    arm_convolve_s8.c                        0x00000000   Number         0  arm_convolve_s8.o ABSOLUTE
    arm_depthwise_conv_3x3_s8.c              0x00000000   Number         0  arm_depthwise_conv_3x3_s8.o ABSOLUTE
    arm_depthwise_conv_s8.c                  0x00000000   Number         0  arm_depthwise_conv_s8.o ABSOLUTE
    arm_depthwise_conv_s8_opt.c              0x00000000   Number         0  arm_depthwise_conv_s8_opt.o ABSOLUTE
    arm_depthwise_conv_u8_basic_ver1.c       0x00000000   Number         0  arm_depthwise_conv_u8_basic_ver1.o ABSOLUTE
    arm_depthwise_separable_conv_HWC_q7.c    0x00000000   Number         0  arm_depthwise_separable_conv_hwc_q7.o ABSOLUTE
    arm_depthwise_separable_conv_HWC_q7_nonsquare.c 0x00000000   Number         0  arm_depthwise_separable_conv_hwc_q7_nonsquare.o ABSOLUTE
    arm_elementwise_add_s8.c                 0x00000000   Number         0  arm_elementwise_add_s8.o ABSOLUTE
    arm_elementwise_mul_s8.c                 0x00000000   Number         0  arm_elementwise_mul_s8.o ABSOLUTE
    arm_fully_connected_mat_q7_vec_q15.c     0x00000000   Number         0  arm_fully_connected_mat_q7_vec_q15.o ABSOLUTE
    arm_fully_connected_mat_q7_vec_q15_opt.c 0x00000000   Number         0  arm_fully_connected_mat_q7_vec_q15_opt.o ABSOLUTE
    arm_fully_connected_q15.c                0x00000000   Number         0  arm_fully_connected_q15.o ABSOLUTE
    arm_fully_connected_q15_opt.c            0x00000000   Number         0  arm_fully_connected_q15_opt.o ABSOLUTE
    arm_fully_connected_q7.c                 0x00000000   Number         0  arm_fully_connected_q7.o ABSOLUTE
    arm_fully_connected_q7_opt.c             0x00000000   Number         0  arm_fully_connected_q7_opt.o ABSOLUTE
    arm_fully_connected_s8.c                 0x00000000   Number         0  arm_fully_connected_s8.o ABSOLUTE
    arm_max_pool_s8.c                        0x00000000   Number         0  arm_max_pool_s8.o ABSOLUTE
    arm_max_pool_s8_opt.c                    0x00000000   Number         0  arm_max_pool_s8_opt.o ABSOLUTE
    arm_nn_accumulate_q7_to_q15.c            0x00000000   Number         0  arm_nn_accumulate_q7_to_q15.o ABSOLUTE
    arm_nn_activations_q15.c                 0x00000000   Number         0  arm_nn_activations_q15.o ABSOLUTE
    arm_nn_activations_q7.c                  0x00000000   Number         0  arm_nn_activations_q7.o ABSOLUTE
    arm_nn_add_q7.c                          0x00000000   Number         0  arm_nn_add_q7.o ABSOLUTE
    arm_nn_depthwise_conv_s8_core.c          0x00000000   Number         0  arm_nn_depthwise_conv_s8_core.o ABSOLUTE
    arm_nn_mat_mul_core_1x_s8.c              0x00000000   Number         0  arm_nn_mat_mul_core_1x_s8.o ABSOLUTE
    arm_nn_mat_mul_core_4x_s8.c              0x00000000   Number         0  arm_nn_mat_mul_core_4x_s8.o ABSOLUTE
    arm_nn_mat_mult_kernel_q7_q15.c          0x00000000   Number         0  arm_nn_mat_mult_kernel_q7_q15.o ABSOLUTE
    arm_nn_mat_mult_kernel_q7_q15_reordered.c 0x00000000   Number         0  arm_nn_mat_mult_kernel_q7_q15_reordered.o ABSOLUTE
    arm_nn_mat_mult_kernel_s8_s16.c          0x00000000   Number         0  arm_nn_mat_mult_kernel_s8_s16.o ABSOLUTE
    arm_nn_mat_mult_kernel_s8_s16_reordered.c 0x00000000   Number         0  arm_nn_mat_mult_kernel_s8_s16_reordered.o ABSOLUTE
    arm_nn_mat_mult_nt_t_s8.c                0x00000000   Number         0  arm_nn_mat_mult_nt_t_s8.o ABSOLUTE
    arm_nn_mat_mult_s8.c                     0x00000000   Number         0  arm_nn_mat_mult_s8.o ABSOLUTE
    arm_nn_mult_q15.c                        0x00000000   Number         0  arm_nn_mult_q15.o ABSOLUTE
    arm_nn_mult_q7.c                         0x00000000   Number         0  arm_nn_mult_q7.o ABSOLUTE
    arm_nn_vec_mat_mult_t_s8.c               0x00000000   Number         0  arm_nn_vec_mat_mult_t_s8.o ABSOLUTE
    arm_nntables.c                           0x00000000   Number         0  arm_nntables.o ABSOLUTE
    arm_pool_q7_HWC.c                        0x00000000   Number         0  arm_pool_q7_hwc.o ABSOLUTE
    arm_q7_to_q15_no_shift.c                 0x00000000   Number         0  arm_q7_to_q15_no_shift.o ABSOLUTE
    arm_q7_to_q15_reordered_no_shift.c       0x00000000   Number         0  arm_q7_to_q15_reordered_no_shift.o ABSOLUTE
    arm_q7_to_q15_reordered_with_offset.c    0x00000000   Number         0  arm_q7_to_q15_reordered_with_offset.o ABSOLUTE
    arm_q7_to_q15_with_offset.c              0x00000000   Number         0  arm_q7_to_q15_with_offset.o ABSOLUTE
    arm_relu6_s8.c                           0x00000000   Number         0  arm_relu6_s8.o ABSOLUTE
    arm_relu_q15.c                           0x00000000   Number         0  arm_relu_q15.o ABSOLUTE
    arm_relu_q7.c                            0x00000000   Number         0  arm_relu_q7.o ABSOLUTE
    arm_reshape_s8.c                         0x00000000   Number         0  arm_reshape_s8.o ABSOLUTE
    arm_softmax_q15.c                        0x00000000   Number         0  arm_softmax_q15.o ABSOLUTE
    arm_softmax_q7.c                         0x00000000   Number         0  arm_softmax_q7.o ABSOLUTE
    arm_softmax_s8.c                         0x00000000   Number         0  arm_softmax_s8.o ABSOLUTE
    arm_softmax_u8.c                         0x00000000   Number         0  arm_softmax_u8.o ABSOLUTE
    arm_softmax_with_batch_q7.c              0x00000000   Number         0  arm_softmax_with_batch_q7.o ABSOLUTE
    batch.c                                  0x00000000   Number         0  batch.o ABSOLUTE
    bwn_dense_cn.c                           0x00000000   Number         0  bwn_dense_cn.o ABSOLUTE
    cdcmple.s                                0x00000000   Number         0  cdcmple.o ABSOLUTE
    dc.s                                     0x00000000   Number         0  dc.o ABSOLUTE
    handlers.s                               0x00000000   Number         0  handlers.o ABSOLUTE
    init.s                                   0x00000000   Number         0  init.o ABSOLUTE
    main.c                                   0x00000000   Number         0  main.o ABSOLUTE
    startup_stm32f401xe.s                    0x00000000   Number         0  startup_stm32f401xe.o ABSOLUTE
    stm32f4xx_hal.c                          0x00000000   Number         0  stm32f4xx_hal.o ABSOLUTE
    stm32f4xx_hal_cortex.c                   0x00000000   Number         0  stm32f4xx_hal_cortex.o ABSOLUTE
    stm32f4xx_hal_dma.c                      0x00000000   Number         0  stm32f4xx_hal_dma.o ABSOLUTE
    stm32f4xx_hal_dma_ex.c                   0x00000000   Number         0  stm32f4xx_hal_dma_ex.o ABSOLUTE
    stm32f4xx_hal_exti.c                     0x00000000   Number         0  stm32f4xx_hal_exti.o ABSOLUTE
    stm32f4xx_hal_flash.c                    0x00000000   Number         0  stm32f4xx_hal_flash.o ABSOLUTE
    stm32f4xx_hal_flash_ex.c                 0x00000000   Number         0  stm32f4xx_hal_flash_ex.o ABSOLUTE
    stm32f4xx_hal_flash_ramfunc.c            0x00000000   Number         0  stm32f4xx_hal_flash_ramfunc.o ABSOLUTE
    stm32f4xx_hal_gpio.c                     0x00000000   Number         0  stm32f4xx_hal_gpio.o ABSOLUTE
    stm32f4xx_hal_msp.c                      0x00000000   Number         0  stm32f4xx_hal_msp.o ABSOLUTE
    stm32f4xx_hal_pwr.c                      0x00000000   Number         0  stm32f4xx_hal_pwr.o ABSOLUTE
    stm32f4xx_hal_pwr_ex.c                   0x00000000   Number         0  stm32f4xx_hal_pwr_ex.o ABSOLUTE
    stm32f4xx_hal_rcc.c                      0x00000000   Number         0  stm32f4xx_hal_rcc.o ABSOLUTE
    stm32f4xx_hal_rcc_ex.c                   0x00000000   Number         0  stm32f4xx_hal_rcc_ex.o ABSOLUTE
    stm32f4xx_hal_tim.c                      0x00000000   Number         0  stm32f4xx_hal_tim.o ABSOLUTE
    stm32f4xx_hal_tim_ex.c                   0x00000000   Number         0  stm32f4xx_hal_tim_ex.o ABSOLUTE
    stm32f4xx_hal_uart.c                     0x00000000   Number         0  stm32f4xx_hal_uart.o ABSOLUTE
    stm32f4xx_it.c                           0x00000000   Number         0  stm32f4xx_it.o ABSOLUTE
    system_stm32f4xx.c                       0x00000000   Number         0  system_stm32f4xx.o ABSOLUTE
    xnor_base.c                              0x00000000   Number         0  xnor_base.o ABSOLUTE
    xnor_cn.c                                0x00000000   Number         0  xnor_cn.o ABSOLUTE
    xnor_fc.c                                0x00000000   Number         0  xnor_fc.o ABSOLUTE
    RESET                                    0x08000000   Section      404  startup_stm32f401xe.o(RESET)
    .ARM.Collect$$$$00000000                 0x08000194   Section        0  entry.o(.ARM.Collect$$$$00000000)
    .ARM.Collect$$$$00000001                 0x08000194   Section        4  entry2.o(.ARM.Collect$$$$00000001)
    .ARM.Collect$$$$00000004                 0x08000198   Section        4  entry5.o(.ARM.Collect$$$$00000004)
    .ARM.Collect$$$$00000008                 0x0800019c   Section        0  entry7b.o(.ARM.Collect$$$$00000008)
    .ARM.Collect$$$$0000000A                 0x0800019c   Section        0  entry8b.o(.ARM.Collect$$$$0000000A)
    .ARM.Collect$$$$0000000B                 0x0800019c   Section        8  entry9a.o(.ARM.Collect$$$$0000000B)
    __lit__00000000                          0x080001a4   Data           4  entry2.o(.ARM.Collect$$$$00002712)
    .ARM.Collect$$$$0000000D                 0x080001a4   Section        0  entry10a.o(.ARM.Collect$$$$0000000D)
    .ARM.Collect$$$$0000000F                 0x080001a4   Section        0  entry11a.o(.ARM.Collect$$$$0000000F)
    .ARM.Collect$$$$00002712                 0x080001a4   Section        4  entry2.o(.ARM.Collect$$$$00002712)
    $v0                                      0x080001a8   Number         0  startup_stm32f401xe.o(.text)
    .text                                    0x080001a8   Section       36  startup_stm32f401xe.o(.text)
    .text                                    0x080001cc   Section        0  uldiv.o(.text)
    .text                                    0x0800022e   Section        0  memmovea.o(.text)
    .text                                    0x0800026e   Section        0  memseta.o(.text)
    .text                                    0x08000292   Section        0  llshl.o(.text)
    .text                                    0x080002b0   Section        0  llushr.o(.text)
    .text                                    0x080002d0   Section       36  init.o(.text)
    .text                                    0x080002f4   Section        0  __dczerorl2.o(.text)
    [Anonymous Symbol]                       0x0800034c   Section        0  stm32f4xx_it.o(.text.BusFault_Handler)
    [Anonymous Symbol]                       0x08000350   Section        0  xnor_cn.o(.text.CnBnPdPlXnor)
    [Anonymous Symbol]                       0x08004dc8   Section        0  xnor_cn.o(.text.CnBnPdPlXnorNoBin)
    [Anonymous Symbol]                       0x08005484   Section        0  xnor_cn.o(.text.CnBnPdXnor)
    [Anonymous Symbol]                       0x08009f98   Section        0  xnor_cn.o(.text.CnBnPdXnorNoBin)
    [Anonymous Symbol]                       0x0800bfcc   Section        0  xnor_cn.o(.text.CnBnPlXnor)
    [Anonymous Symbol]                       0x0800ce1c   Section        0  xnor_cn.o(.text.CnBnPlXnorNoBin)
    [Anonymous Symbol]                       0x0800d458   Section        0  xnor_cn.o(.text.CnBnXnor)
    [Anonymous Symbol]                       0x0800dec8   Section        0  xnor_cn.o(.text.CnBnXnorNoBin)
    [Anonymous Symbol]                       0x0800e42c   Section        0  xnor_cn.o(.text.CnPdPlXnor)
    [Anonymous Symbol]                       0x08012280   Section        0  xnor_cn.o(.text.CnPdXnor)
    [Anonymous Symbol]                       0x08014fdc   Section        0  xnor_cn.o(.text.CnPlXnor)
    [Anonymous Symbol]                       0x08015a30   Section        0  xnor_cn.o(.text.CnXnor)
    [Anonymous Symbol]                       0x08016220   Section        0  xnor_cn.o(.text.CnXnorNoBinWrap)
    [Anonymous Symbol]                       0x08016338   Section        0  xnor_cn.o(.text.CnXnorWrap)
    [Anonymous Symbol]                       0x08016504   Section        0  stm32f4xx_it.o(.text.DebugMon_Handler)
    [Anonymous Symbol]                       0x08016508   Section        0  stm32f4xx_hal_gpio.o(.text.HAL_GPIO_Init)
    [Anonymous Symbol]                       0x080166c4   Section        0  stm32f4xx_hal_gpio.o(.text.HAL_GPIO_WritePin)
    [Anonymous Symbol]                       0x080166d0   Section        0  stm32f4xx_hal.o(.text.HAL_GetTick)
    [Anonymous Symbol]                       0x080166dc   Section        0  stm32f4xx_hal.o(.text.HAL_IncTick)
    [Anonymous Symbol]                       0x080166f8   Section        0  stm32f4xx_hal.o(.text.HAL_Init)
    [Anonymous Symbol]                       0x08016730   Section        0  stm32f4xx_hal.o(.text.HAL_InitTick)
    [Anonymous Symbol]                       0x08016778   Section        0  stm32f4xx_hal_msp.o(.text.HAL_MspInit)
    [Anonymous Symbol]                       0x080167b4   Section        0  stm32f4xx_hal_cortex.o(.text.HAL_NVIC_SetPriority)
    [Anonymous Symbol]                       0x0801680c   Section        0  stm32f4xx_hal_cortex.o(.text.HAL_NVIC_SetPriorityGrouping)
    [Anonymous Symbol]                       0x0801682c   Section        0  stm32f4xx_hal_rcc.o(.text.HAL_RCC_ClockConfig)
    [Anonymous Symbol]                       0x0801698c   Section        0  stm32f4xx_hal_rcc.o(.text.HAL_RCC_GetPCLK1Freq)
    [Anonymous Symbol]                       0x080169b4   Section        0  stm32f4xx_hal_rcc.o(.text.HAL_RCC_GetPCLK2Freq)
    [Anonymous Symbol]                       0x080169dc   Section        0  stm32f4xx_hal_rcc.o(.text.HAL_RCC_GetSysClockFreq)
    [Anonymous Symbol]                       0x08016a48   Section        0  stm32f4xx_hal_rcc.o(.text.HAL_RCC_OscConfig)
    [Anonymous Symbol]                       0x08016dc0   Section        0  stm32f4xx_hal_cortex.o(.text.HAL_SYSTICK_Config)
    [Anonymous Symbol]                       0x08016dec   Section        0  stm32f4xx_hal_uart.o(.text.HAL_UART_Init)
    [Anonymous Symbol]                       0x08016e4c   Section        0  stm32f4xx_hal_msp.o(.text.HAL_UART_MspInit)
    [Anonymous Symbol]                       0x08016eb4   Section        0  stm32f4xx_it.o(.text.HardFault_Handler)
    [Anonymous Symbol]                       0x08016eb8   Section        0  stm32f4xx_it.o(.text.MemManage_Handler)
    [Anonymous Symbol]                       0x08016ebc   Section        0  stm32f4xx_it.o(.text.NMI_Handler)
    [Anonymous Symbol]                       0x08016ec0   Section        0  stm32f4xx_it.o(.text.PendSV_Handler)
    [Anonymous Symbol]                       0x08016ec4   Section        0  stm32f4xx_it.o(.text.SVC_Handler)
    [Anonymous Symbol]                       0x08016ec8   Section        0  stm32f4xx_it.o(.text.SysTick_Handler)
    [Anonymous Symbol]                       0x08016ecc   Section        0  main.o(.text.SystemClock_Config)
    [Anonymous Symbol]                       0x08016f78   Section        0  system_stm32f4xx.o(.text.SystemInit)
    UART_SetConfig                           0x08016f8d   Thumb Code   226  stm32f4xx_hal_uart.o(.text.UART_SetConfig)
    [Anonymous Symbol]                       0x08016f8c   Section        0  stm32f4xx_hal_uart.o(.text.UART_SetConfig)
    [Anonymous Symbol]                       0x08017070   Section        0  stm32f4xx_it.o(.text.UsageFault_Handler)
    [Anonymous Symbol]                       0x08017074   Section        0  arm_convolve_hwc_q15_basic.o(.text.arm_convolve_HWC_q15_basic)
    [Anonymous Symbol]                       0x08017618   Section        0  batch.o(.text.arm_maxpool_q15_HWC_ref)
    [Anonymous Symbol]                       0x08017764   Section        0  batch.o(.text.batch_norm_first_layer)
    [Anonymous Symbol]                       0x08017b6c   Section        0  main.o(.text.main)
    i.__scatterload_copy                     0x08017e22   Section       14  handlers.o(i.__scatterload_copy)
    i.__scatterload_null                     0x08017e30   Section        2  handlers.o(i.__scatterload_null)
    i.__scatterload_zeroinit                 0x08017e32   Section       14  handlers.o(i.__scatterload_zeroinit)
    .L_MergedGlobals                         0x20000000   Data          92  main.o(.data..L_MergedGlobals)
    bn1sign                                  0x20000000   Data           4  main.o(.data..L_MergedGlobals)
    [Anonymous Symbol]                       0x20000000   Section        0  main.o(.data..L_MergedGlobals)
    bn2sign                                  0x20000004   Data           4  main.o(.data..L_MergedGlobals)
    bn3sign                                  0x20000008   Data           4  main.o(.data..L_MergedGlobals)
    bn4mean                                  0x2000000c   Data          40  main.o(.data..L_MergedGlobals)
    bn4var                                   0x20000034   Data          40  main.o(.data..L_MergedGlobals)
    .L_MergedGlobals                         0x2000005c   Data           8  stm32f4xx_hal.o(.data..L_MergedGlobals)
    [Anonymous Symbol]                       0x2000005c   Section        0  stm32f4xx_hal.o(.data..L_MergedGlobals)
    .L_MergedGlobals.1                       0x20000064   Data          80  main.o(.data..L_MergedGlobals.1)
    bn4gamma                                 0x20000064   Data          40  main.o(.data..L_MergedGlobals.1)
    [Anonymous Symbol]                       0x20000064   Section        0  main.o(.data..L_MergedGlobals.1)
    bn4beta                                  0x2000008c   Data          40  main.o(.data..L_MergedGlobals.1)
    bn1offset                                0x200000b8   Data         128  main.o(.data.bn1offset)
    [Anonymous Symbol]                       0x200000b8   Section        0  main.o(.data.bn1offset)
    bn1thr                                   0x20000138   Data         128  main.o(.data.bn1thr)
    [Anonymous Symbol]                       0x20000138   Section        0  main.o(.data.bn1thr)
    bn2offset                                0x200001b8   Data         128  main.o(.data.bn2offset)
    [Anonymous Symbol]                       0x200001b8   Section        0  main.o(.data.bn2offset)
    bn2thr                                   0x20000238   Data         128  main.o(.data.bn2thr)
    [Anonymous Symbol]                       0x20000238   Section        0  main.o(.data.bn2thr)
    bn3offset                                0x200002b8   Data         128  main.o(.data.bn3offset)
    [Anonymous Symbol]                       0x200002b8   Section        0  main.o(.data.bn3offset)
    bn3thr                                   0x20000338   Data         128  main.o(.data.bn3thr)
    [Anonymous Symbol]                       0x20000338   Section        0  main.o(.data.bn3thr)
    l1_act                                   0x200003b8   Data        3072  main.o(.data.l1_act)
    [Anonymous Symbol]                       0x200003b8   Section        0  main.o(.data.l1_act)
    l1wght                                   0x20000fb8   Data        4800  main.o(.data.l1wght)
    [Anonymous Symbol]                       0x20000fb8   Section        0  main.o(.data.l1wght)
    l2wght                                   0x20002278   Data         384  main.o(.data.l2wght)
    [Anonymous Symbol]                       0x20002278   Section        0  main.o(.data.l2wght)
    l3wght                                   0x200023f8   Data         384  main.o(.data.l3wght)
    [Anonymous Symbol]                       0x200023f8   Section        0  main.o(.data.l3wght)
    l4wght                                   0x20002578   Data         640  main.o(.data.l4wght)
    [Anonymous Symbol]                       0x20002578   Section        0  main.o(.data.l4wght)
    .L_MergedGlobals.2                       0x200027f8   Data         104  main.o(.bss..L_MergedGlobals.2)
    output                                   0x200027f8   Data          40  main.o(.bss..L_MergedGlobals.2)
    [Anonymous Symbol]                       0x200027f8   Section        0  main.o(.bss..L_MergedGlobals.2)
    l1bias                                   0x20002820   Data          64  main.o(.bss..L_MergedGlobals.2)
    img_buffer1                              0x200028a4   Data         150  main.o(.bss.img_buffer1)
    [Anonymous Symbol]                       0x200028a4   Section        0  main.o(.bss.img_buffer1)
    l2act_bin                                0x2000293c   Data        2048  main.o(.bss.l2act_bin)
    [Anonymous Symbol]                       0x2000293c   Section        0  main.o(.bss.l2act_bin)
    l3act_bin                                0x2000313c   Data         512  main.o(.bss.l3act_bin)
    [Anonymous Symbol]                       0x2000313c   Section        0  main.o(.bss.l3act_bin)
    l4act_bin                                0x2000333c   Data         128  main.o(.bss.l4act_bin)
    [Anonymous Symbol]                       0x2000333c   Section        0  main.o(.bss.l4act_bin)
    temp                                     0x200033bc   Data       81920  main.o(.bss.temp)
    [Anonymous Symbol]                       0x200033bc   Section        0  main.o(.bss.temp)
    STACK                                    0x200173c0   Section     1024  startup_stm32f401xe.o(STACK)

    Global Symbols

    Symbol Name                              Value     Ov Type        Size  Object(Section)

    BuildAttributes$$THM_ISAv4$E$P$D$K$B$S$7EM$VFPi3$EXTD16$VFPS$VFMA$PE$A:L22UL41UL21$X:L11$S22US41US21$IEEE1$IW$~IW$USESV6$~STKCKD$USESV7$~SHL$OTIME$ROPI$IEEEX$EBA8$MICROLIB$REQ8$PRES8$EABIv2 0x00000000   Number         0  anon$$obj.o ABSOLUTE
    __cpp_initialize__aeabi_                  - Undefined Weak Reference
    __cxa_finalize                            - Undefined Weak Reference
    _clock_init                               - Undefined Weak Reference
    _microlib_exit                            - Undefined Weak Reference
    __Vectors_Size                           0x00000194   Number         0  startup_stm32f401xe.o ABSOLUTE
    __Vectors                                0x08000000   Data           4  startup_stm32f401xe.o(RESET)
    __Vectors_End                            0x08000194   Data           0  startup_stm32f401xe.o(RESET)
    __main                                   0x08000195   Thumb Code     0  entry.o(.ARM.Collect$$$$00000000)
    _main_stk                                0x08000195   Thumb Code     0  entry2.o(.ARM.Collect$$$$00000001)
    _main_scatterload                        0x08000199   Thumb Code     0  entry5.o(.ARM.Collect$$$$00000004)
    __main_after_scatterload                 0x0800019d   Thumb Code     0  entry5.o(.ARM.Collect$$$$00000004)
    _main_clock                              0x0800019d   Thumb Code     0  entry7b.o(.ARM.Collect$$$$00000008)
    _main_cpp_init                           0x0800019d   Thumb Code     0  entry8b.o(.ARM.Collect$$$$0000000A)
    _main_init                               0x0800019d   Thumb Code     0  entry9a.o(.ARM.Collect$$$$0000000B)
    __rt_final_cpp                           0x080001a5   Thumb Code     0  entry10a.o(.ARM.Collect$$$$0000000D)
    __rt_final_exit                          0x080001a5   Thumb Code     0  entry11a.o(.ARM.Collect$$$$0000000F)
    Reset_Handler                            0x080001a9   Thumb Code     8  startup_stm32f401xe.o(.text)
    ADC_IRQHandler                           0x080001c3   Thumb Code     0  startup_stm32f401xe.o(.text)
    DMA1_Stream0_IRQHandler                  0x080001c3   Thumb Code     0  startup_stm32f401xe.o(.text)
    DMA1_Stream1_IRQHandler                  0x080001c3   Thumb Code     0  startup_stm32f401xe.o(.text)
    DMA1_Stream2_IRQHandler                  0x080001c3   Thumb Code     0  startup_stm32f401xe.o(.text)
    DMA1_Stream3_IRQHandler                  0x080001c3   Thumb Code     0  startup_stm32f401xe.o(.text)
    DMA1_Stream4_IRQHandler                  0x080001c3   Thumb Code     0  startup_stm32f401xe.o(.text)
    DMA1_Stream5_IRQHandler                  0x080001c3   Thumb Code     0  startup_stm32f401xe.o(.text)
    DMA1_Stream6_IRQHandler                  0x080001c3   Thumb Code     0  startup_stm32f401xe.o(.text)
    DMA1_Stream7_IRQHandler                  0x080001c3   Thumb Code     0  startup_stm32f401xe.o(.text)
    DMA2_Stream0_IRQHandler                  0x080001c3   Thumb Code     0  startup_stm32f401xe.o(.text)
    DMA2_Stream1_IRQHandler                  0x080001c3   Thumb Code     0  startup_stm32f401xe.o(.text)
    DMA2_Stream2_IRQHandler                  0x080001c3   Thumb Code     0  startup_stm32f401xe.o(.text)
    DMA2_Stream3_IRQHandler                  0x080001c3   Thumb Code     0  startup_stm32f401xe.o(.text)
    DMA2_Stream4_IRQHandler                  0x080001c3   Thumb Code     0  startup_stm32f401xe.o(.text)
    DMA2_Stream5_IRQHandler                  0x080001c3   Thumb Code     0  startup_stm32f401xe.o(.text)
    DMA2_Stream6_IRQHandler                  0x080001c3   Thumb Code     0  startup_stm32f401xe.o(.text)
    DMA2_Stream7_IRQHandler                  0x080001c3   Thumb Code     0  startup_stm32f401xe.o(.text)
    EXTI0_IRQHandler                         0x080001c3   Thumb Code     0  startup_stm32f401xe.o(.text)
    EXTI15_10_IRQHandler                     0x080001c3   Thumb Code     0  startup_stm32f401xe.o(.text)
    EXTI1_IRQHandler                         0x080001c3   Thumb Code     0  startup_stm32f401xe.o(.text)
    EXTI2_IRQHandler                         0x080001c3   Thumb Code     0  startup_stm32f401xe.o(.text)
    EXTI3_IRQHandler                         0x080001c3   Thumb Code     0  startup_stm32f401xe.o(.text)
    EXTI4_IRQHandler                         0x080001c3   Thumb Code     0  startup_stm32f401xe.o(.text)
    EXTI9_5_IRQHandler                       0x080001c3   Thumb Code     0  startup_stm32f401xe.o(.text)
    FLASH_IRQHandler                         0x080001c3   Thumb Code     0  startup_stm32f401xe.o(.text)
    FPU_IRQHandler                           0x080001c3   Thumb Code     0  startup_stm32f401xe.o(.text)
    I2C1_ER_IRQHandler                       0x080001c3   Thumb Code     0  startup_stm32f401xe.o(.text)
    I2C1_EV_IRQHandler                       0x080001c3   Thumb Code     0  startup_stm32f401xe.o(.text)
    I2C2_ER_IRQHandler                       0x080001c3   Thumb Code     0  startup_stm32f401xe.o(.text)
    I2C2_EV_IRQHandler                       0x080001c3   Thumb Code     0  startup_stm32f401xe.o(.text)
    I2C3_ER_IRQHandler                       0x080001c3   Thumb Code     0  startup_stm32f401xe.o(.text)
    I2C3_EV_IRQHandler                       0x080001c3   Thumb Code     0  startup_stm32f401xe.o(.text)
    OTG_FS_IRQHandler                        0x080001c3   Thumb Code     0  startup_stm32f401xe.o(.text)
    OTG_FS_WKUP_IRQHandler                   0x080001c3   Thumb Code     0  startup_stm32f401xe.o(.text)
    PVD_IRQHandler                           0x080001c3   Thumb Code     0  startup_stm32f401xe.o(.text)
    RCC_IRQHandler                           0x080001c3   Thumb Code     0  startup_stm32f401xe.o(.text)
    RTC_Alarm_IRQHandler                     0x080001c3   Thumb Code     0  startup_stm32f401xe.o(.text)
    RTC_WKUP_IRQHandler                      0x080001c3   Thumb Code     0  startup_stm32f401xe.o(.text)
    SDIO_IRQHandler                          0x080001c3   Thumb Code     0  startup_stm32f401xe.o(.text)
    SPI1_IRQHandler                          0x080001c3   Thumb Code     0  startup_stm32f401xe.o(.text)
    SPI2_IRQHandler                          0x080001c3   Thumb Code     0  startup_stm32f401xe.o(.text)
    SPI3_IRQHandler                          0x080001c3   Thumb Code     0  startup_stm32f401xe.o(.text)
    SPI4_IRQHandler                          0x080001c3   Thumb Code     0  startup_stm32f401xe.o(.text)
    TAMP_STAMP_IRQHandler                    0x080001c3   Thumb Code     0  startup_stm32f401xe.o(.text)
    TIM1_BRK_TIM9_IRQHandler                 0x080001c3   Thumb Code     0  startup_stm32f401xe.o(.text)
    TIM1_CC_IRQHandler                       0x080001c3   Thumb Code     0  startup_stm32f401xe.o(.text)
    TIM1_TRG_COM_TIM11_IRQHandler            0x080001c3   Thumb Code     0  startup_stm32f401xe.o(.text)
    TIM1_UP_TIM10_IRQHandler                 0x080001c3   Thumb Code     0  startup_stm32f401xe.o(.text)
    TIM2_IRQHandler                          0x080001c3   Thumb Code     0  startup_stm32f401xe.o(.text)
    TIM3_IRQHandler                          0x080001c3   Thumb Code     0  startup_stm32f401xe.o(.text)
    TIM4_IRQHandler                          0x080001c3   Thumb Code     0  startup_stm32f401xe.o(.text)
    TIM5_IRQHandler                          0x080001c3   Thumb Code     0  startup_stm32f401xe.o(.text)
    USART1_IRQHandler                        0x080001c3   Thumb Code     0  startup_stm32f401xe.o(.text)
    USART2_IRQHandler                        0x080001c3   Thumb Code     0  startup_stm32f401xe.o(.text)
    USART6_IRQHandler                        0x080001c3   Thumb Code     0  startup_stm32f401xe.o(.text)
    WWDG_IRQHandler                          0x080001c3   Thumb Code     0  startup_stm32f401xe.o(.text)
    __aeabi_uldivmod                         0x080001cd   Thumb Code    98  uldiv.o(.text)
    ___aeabi_memcpy8$move                    0x0800022f   Thumb Code     0  memmovea.o(.text)
    __aeabi_memcpy                           0x0800022f   Thumb Code    64  memmovea.o(.text)
    __aeabi_memcpy4                          0x0800022f   Thumb Code     0  memmovea.o(.text)
    __aeabi_memmove                          0x0800022f   Thumb Code     0  memmovea.o(.text)
    __aeabi_memmove4                         0x0800022f   Thumb Code     0  memmovea.o(.text)
    __aeabi_memmove8                         0x0800022f   Thumb Code     0  memmovea.o(.text)
    __aeabi_memset                           0x0800026f   Thumb Code    14  memseta.o(.text)
    __aeabi_memset4                          0x0800026f   Thumb Code     0  memseta.o(.text)
    __aeabi_memset8                          0x0800026f   Thumb Code     0  memseta.o(.text)
    __aeabi_memclr                           0x0800027d   Thumb Code     4  memseta.o(.text)
    __aeabi_memclr4                          0x0800027d   Thumb Code     0  memseta.o(.text)
    __aeabi_memclr8                          0x0800027d   Thumb Code     0  memseta.o(.text)
    _memset$wrapper                          0x08000281   Thumb Code    18  memseta.o(.text)
    __aeabi_llsl                             0x08000293   Thumb Code    30  llshl.o(.text)
    _ll_shift_l                              0x08000293   Thumb Code     0  llshl.o(.text)
    __aeabi_llsr                             0x080002b1   Thumb Code    32  llushr.o(.text)
    _ll_ushift_r                             0x080002b1   Thumb Code     0  llushr.o(.text)
    __scatterload                            0x080002d1   Thumb Code    28  init.o(.text)
    __scatterload_rt2                        0x080002d1   Thumb Code     0  init.o(.text)
    __decompress                             0x080002f5   Thumb Code     0  __dczerorl2.o(.text)
    __decompress1                            0x080002f5   Thumb Code    86  __dczerorl2.o(.text)
    BusFault_Handler                         0x0800034d   Thumb Code     2  stm32f4xx_it.o(.text.BusFault_Handler)
    CnBnPdPlXnor                             0x08000351   Thumb Code 19062  xnor_cn.o(.text.CnBnPdPlXnor)
    CnBnPdPlXnorNoBin                        0x08004dc9   Thumb Code  1724  xnor_cn.o(.text.CnBnPdPlXnorNoBin)
    CnBnPdXnor                               0x08005485   Thumb Code 19220  xnor_cn.o(.text.CnBnPdXnor)
    CnBnPdXnorNoBin                          0x08009f99   Thumb Code  8242  xnor_cn.o(.text.CnBnPdXnorNoBin)
    CnBnPlXnor                               0x0800bfcd   Thumb Code  3662  xnor_cn.o(.text.CnBnPlXnor)
    CnBnPlXnorNoBin                          0x0800ce1d   Thumb Code  1596  xnor_cn.o(.text.CnBnPlXnorNoBin)
    CnBnXnor                                 0x0800d459   Thumb Code  2670  xnor_cn.o(.text.CnBnXnor)
    CnBnXnorNoBin                            0x0800dec9   Thumb Code  1380  xnor_cn.o(.text.CnBnXnorNoBin)
    CnPdPlXnor                               0x0800e42d   Thumb Code 15956  xnor_cn.o(.text.CnPdPlXnor)
    CnPdXnor                                 0x08012281   Thumb Code 11610  xnor_cn.o(.text.CnPdXnor)
    CnPlXnor                                 0x08014fdd   Thumb Code  2642  xnor_cn.o(.text.CnPlXnor)
    CnXnor                                   0x08015a31   Thumb Code  2030  xnor_cn.o(.text.CnXnor)
    CnXnorNoBinWrap                          0x08016221   Thumb Code   280  xnor_cn.o(.text.CnXnorNoBinWrap)
    CnXnorWrap                               0x08016339   Thumb Code   458  xnor_cn.o(.text.CnXnorWrap)
    DebugMon_Handler                         0x08016505   Thumb Code     2  stm32f4xx_it.o(.text.DebugMon_Handler)
    HAL_GPIO_Init                            0x08016509   Thumb Code   442  stm32f4xx_hal_gpio.o(.text.HAL_GPIO_Init)
    HAL_GPIO_WritePin                        0x080166c5   Thumb Code    10  stm32f4xx_hal_gpio.o(.text.HAL_GPIO_WritePin)
    HAL_GetTick                              0x080166d1   Thumb Code    12  stm32f4xx_hal.o(.text.HAL_GetTick)
    HAL_IncTick                              0x080166dd   Thumb Code    26  stm32f4xx_hal.o(.text.HAL_IncTick)
    HAL_Init                                 0x080166f9   Thumb Code    54  stm32f4xx_hal.o(.text.HAL_Init)
    HAL_InitTick                             0x08016731   Thumb Code    72  stm32f4xx_hal.o(.text.HAL_InitTick)
    HAL_MspInit                              0x08016779   Thumb Code    60  stm32f4xx_hal_msp.o(.text.HAL_MspInit)
    HAL_NVIC_SetPriority                     0x080167b5   Thumb Code    86  stm32f4xx_hal_cortex.o(.text.HAL_NVIC_SetPriority)
    HAL_NVIC_SetPriorityGrouping             0x0801680d   Thumb Code    32  stm32f4xx_hal_cortex.o(.text.HAL_NVIC_SetPriorityGrouping)
    HAL_RCC_ClockConfig                      0x0801682d   Thumb Code   352  stm32f4xx_hal_rcc.o(.text.HAL_RCC_ClockConfig)
    HAL_RCC_GetPCLK1Freq                     0x0801698d   Thumb Code    38  stm32f4xx_hal_rcc.o(.text.HAL_RCC_GetPCLK1Freq)
    HAL_RCC_GetPCLK2Freq                     0x080169b5   Thumb Code    38  stm32f4xx_hal_rcc.o(.text.HAL_RCC_GetPCLK2Freq)
    HAL_RCC_GetSysClockFreq                  0x080169dd   Thumb Code   108  stm32f4xx_hal_rcc.o(.text.HAL_RCC_GetSysClockFreq)
    HAL_RCC_OscConfig                        0x08016a49   Thumb Code   888  stm32f4xx_hal_rcc.o(.text.HAL_RCC_OscConfig)
    HAL_SYSTICK_Config                       0x08016dc1   Thumb Code    44  stm32f4xx_hal_cortex.o(.text.HAL_SYSTICK_Config)
    HAL_UART_Init                            0x08016ded   Thumb Code    94  stm32f4xx_hal_uart.o(.text.HAL_UART_Init)
    HAL_UART_MspInit                         0x08016e4d   Thumb Code   104  stm32f4xx_hal_msp.o(.text.HAL_UART_MspInit)
    HardFault_Handler                        0x08016eb5   Thumb Code     2  stm32f4xx_it.o(.text.HardFault_Handler)
    MemManage_Handler                        0x08016eb9   Thumb Code     2  stm32f4xx_it.o(.text.MemManage_Handler)
    NMI_Handler                              0x08016ebd   Thumb Code     2  stm32f4xx_it.o(.text.NMI_Handler)
    PendSV_Handler                           0x08016ec1   Thumb Code     2  stm32f4xx_it.o(.text.PendSV_Handler)
    SVC_Handler                              0x08016ec5   Thumb Code     2  stm32f4xx_it.o(.text.SVC_Handler)
    SysTick_Handler                          0x08016ec9   Thumb Code     4  stm32f4xx_it.o(.text.SysTick_Handler)
    SystemClock_Config                       0x08016ecd   Thumb Code   172  main.o(.text.SystemClock_Config)
    SystemInit                               0x08016f79   Thumb Code    18  system_stm32f4xx.o(.text.SystemInit)
    UsageFault_Handler                       0x08017071   Thumb Code     2  stm32f4xx_it.o(.text.UsageFault_Handler)
    arm_convolve_HWC_q15_basic               0x08017075   Thumb Code  1444  arm_convolve_hwc_q15_basic.o(.text.arm_convolve_HWC_q15_basic)
    arm_maxpool_q15_HWC_ref                  0x08017619   Thumb Code   330  batch.o(.text.arm_maxpool_q15_HWC_ref)
    batch_norm_first_layer                   0x08017765   Thumb Code  1030  batch.o(.text.batch_norm_first_layer)
    main                                     0x08017b6d   Thumb Code   694  main.o(.text.main)
    __scatterload_copy                       0x08017e23   Thumb Code    14  handlers.o(i.__scatterload_copy)
    __scatterload_null                       0x08017e31   Thumb Code     2  handlers.o(i.__scatterload_null)
    __scatterload_zeroinit                   0x08017e33   Thumb Code    14  handlers.o(i.__scatterload_zeroinit)
    AHBPrescTable                            0x08017e40   Data          16  system_stm32f4xx.o(.rodata.AHBPrescTable)
    APBPrescTable                            0x08017e50   Data           8  system_stm32f4xx.o(.rodata.APBPrescTable)
    Region$$Table$$Base                      0x08017e58   Number         0  anon$$obj.o(Region$$Table)
    Region$$Table$$Limit                     0x08017e78   Number         0  anon$$obj.o(Region$$Table)
    uwTickFreq                               0x2000005c   Data           1  stm32f4xx_hal.o(.data..L_MergedGlobals)
    uwTickPrio                               0x20000060   Data           4  stm32f4xx_hal.o(.data..L_MergedGlobals)
    SystemCoreClock                          0x200000b4   Data           4  system_stm32f4xx.o(.data.SystemCoreClock)
    huart2                                   0x20002860   Data          68  main.o(.bss.huart2)
    uwTick                                   0x200173bc   Data           4  stm32f4xx_hal.o(.bss.uwTick)
    __initial_sp                             0x200177c0   Data           0  startup_stm32f401xe.o(STACK)



==============================================================================

Memory Map of the image

  Image Entry point : 0x08000195

  Load Region LR_IROM1 (Base: 0x08000000, Size: 0x0001a670, Max: 0x00080000, ABSOLUTE, COMPRESSED[0x00019558])

    Execution Region ER_IROM1 (Exec base: 0x08000000, Load base: 0x08000000, Size: 0x00017e78, Max: 0x00080000, ABSOLUTE)

    Exec Addr    Load Addr    Size         Type   Attr      Idx    E Section Name        Object

    0x08000000   0x08000000   0x00000194   Data   RO            3    RESET               startup_stm32f401xe.o
    0x08000194   0x08000194   0x00000000   Code   RO         2548  * .ARM.Collect$$$$00000000  mc_w.l(entry.o)
    0x08000194   0x08000194   0x00000004   Code   RO         2642    .ARM.Collect$$$$00000001  mc_w.l(entry2.o)
    0x08000198   0x08000198   0x00000004   Code   RO         2645    .ARM.Collect$$$$00000004  mc_w.l(entry5.o)
    0x0800019c   0x0800019c   0x00000000   Code   RO         2647    .ARM.Collect$$$$00000008  mc_w.l(entry7b.o)
    0x0800019c   0x0800019c   0x00000000   Code   RO         2649    .ARM.Collect$$$$0000000A  mc_w.l(entry8b.o)
    0x0800019c   0x0800019c   0x00000008   Code   RO         2650    .ARM.Collect$$$$0000000B  mc_w.l(entry9a.o)
    0x080001a4   0x080001a4   0x00000000   Code   RO         2652    .ARM.Collect$$$$0000000D  mc_w.l(entry10a.o)
    0x080001a4   0x080001a4   0x00000000   Code   RO         2654    .ARM.Collect$$$$0000000F  mc_w.l(entry11a.o)
    0x080001a4   0x080001a4   0x00000004   Code   RO         2643    .ARM.Collect$$$$00002712  mc_w.l(entry2.o)
    0x080001a8   0x080001a8   0x00000024   Code   RO            4    .text               startup_stm32f401xe.o
    0x080001cc   0x080001cc   0x00000062   Code   RO         2551    .text               mc_w.l(uldiv.o)
    0x0800022e   0x0800022e   0x00000040   Code   RO         2557    .text               mc_w.l(memmovea.o)
    0x0800026e   0x0800026e   0x00000024   Code   RO         2559    .text               mc_w.l(memseta.o)
    0x08000292   0x08000292   0x0000001e   Code   RO         2656    .text               mc_w.l(llshl.o)
    0x080002b0   0x080002b0   0x00000020   Code   RO         2658    .text               mc_w.l(llushr.o)
    0x080002d0   0x080002d0   0x00000024   Code   RO         2684    .text               mc_w.l(init.o)
    0x080002f4   0x080002f4   0x00000056   Code   RO         2694    .text               mc_w.l(__dczerorl2.o)
    0x0800034a   0x0800034a   0x00000002   PAD
    0x0800034c   0x0800034c   0x00000002   Code   RO           52    .text.BusFault_Handler  stm32f4xx_it.o
    0x0800034e   0x0800034e   0x00000002   PAD
    0x08000350   0x08000350   0x00004a76   Code   RO          185    .text.CnBnPdPlXnor  xnor_cn.o
    0x08004dc6   0x08004dc6   0x00000002   PAD
    0x08004dc8   0x08004dc8   0x000006bc   Code   RO          203    .text.CnBnPdPlXnorNoBin  xnor_cn.o
    0x08005484   0x08005484   0x00004b14   Code   RO          183    .text.CnBnPdXnor    xnor_cn.o
    0x08009f98   0x08009f98   0x00002032   Code   RO          201    .text.CnBnPdXnorNoBin  xnor_cn.o
    0x0800bfca   0x0800bfca   0x00000002   PAD
    0x0800bfcc   0x0800bfcc   0x00000e4e   Code   RO          181    .text.CnBnPlXnor    xnor_cn.o
    0x0800ce1a   0x0800ce1a   0x00000002   PAD
    0x0800ce1c   0x0800ce1c   0x0000063c   Code   RO          199    .text.CnBnPlXnorNoBin  xnor_cn.o
    0x0800d458   0x0800d458   0x00000a6e   Code   RO          179    .text.CnBnXnor      xnor_cn.o
    0x0800dec6   0x0800dec6   0x00000002   PAD
    0x0800dec8   0x0800dec8   0x00000564   Code   RO          197    .text.CnBnXnorNoBin  xnor_cn.o
    0x0800e42c   0x0800e42c   0x00003e54   Code   RO          193    .text.CnPdPlXnor    xnor_cn.o
    0x08012280   0x08012280   0x00002d5a   Code   RO          191    .text.CnPdXnor      xnor_cn.o
    0x08014fda   0x08014fda   0x00000002   PAD
    0x08014fdc   0x08014fdc   0x00000a52   Code   RO          189    .text.CnPlXnor      xnor_cn.o
    0x08015a2e   0x08015a2e   0x00000002   PAD
    0x08015a30   0x08015a30   0x000007ee   Code   RO          187    .text.CnXnor        xnor_cn.o
    0x0801621e   0x0801621e   0x00000002   PAD
    0x08016220   0x08016220   0x00000118   Code   RO          195    .text.CnXnorNoBinWrap  xnor_cn.o
    0x08016338   0x08016338   0x000001ca   Code   RO          177    .text.CnXnorWrap    xnor_cn.o
    0x08016502   0x08016502   0x00000002   PAD
    0x08016504   0x08016504   0x00000002   Code   RO           58    .text.DebugMon_Handler  stm32f4xx_it.o
    0x08016506   0x08016506   0x00000002   PAD
    0x08016508   0x08016508   0x000001ba   Code   RO          493    .text.HAL_GPIO_Init  stm32f4xx_hal_gpio.o
    0x080166c2   0x080166c2   0x00000002   PAD
    0x080166c4   0x080166c4   0x0000000a   Code   RO          499    .text.HAL_GPIO_WritePin  stm32f4xx_hal_gpio.o
    0x080166ce   0x080166ce   0x00000002   PAD
    0x080166d0   0x080166d0   0x0000000c   Code   RO          692    .text.HAL_GetTick   stm32f4xx_hal.o
    0x080166dc   0x080166dc   0x0000001a   Code   RO          690    .text.HAL_IncTick   stm32f4xx_hal.o
    0x080166f6   0x080166f6   0x00000002   PAD
    0x080166f8   0x080166f8   0x00000036   Code   RO          680    .text.HAL_Init      stm32f4xx_hal.o
    0x0801672e   0x0801672e   0x00000002   PAD
    0x08016730   0x08016730   0x00000048   Code   RO          682    .text.HAL_InitTick  stm32f4xx_hal.o
    0x08016778   0x08016778   0x0000003c   Code   RO           71    .text.HAL_MspInit   stm32f4xx_hal_msp.o
    0x080167b4   0x080167b4   0x00000056   Code   RO          636    .text.HAL_NVIC_SetPriority  stm32f4xx_hal_cortex.o
    0x0801680a   0x0801680a   0x00000002   PAD
    0x0801680c   0x0801680c   0x00000020   Code   RO          634    .text.HAL_NVIC_SetPriorityGrouping  stm32f4xx_hal_cortex.o
    0x0801682c   0x0801682c   0x00000160   Code   RO          379    .text.HAL_RCC_ClockConfig  stm32f4xx_hal_rcc.o
    0x0801698c   0x0801698c   0x00000026   Code   RO          391    .text.HAL_RCC_GetPCLK1Freq  stm32f4xx_hal_rcc.o
    0x080169b2   0x080169b2   0x00000002   PAD
    0x080169b4   0x080169b4   0x00000026   Code   RO          393    .text.HAL_RCC_GetPCLK2Freq  stm32f4xx_hal_rcc.o
    0x080169da   0x080169da   0x00000002   PAD
    0x080169dc   0x080169dc   0x0000006c   Code   RO          381    .text.HAL_RCC_GetSysClockFreq  stm32f4xx_hal_rcc.o
    0x08016a48   0x08016a48   0x00000378   Code   RO          377    .text.HAL_RCC_OscConfig  stm32f4xx_hal_rcc.o
    0x08016dc0   0x08016dc0   0x0000002c   Code   RO          646    .text.HAL_SYSTICK_Config  stm32f4xx_hal_cortex.o
    0x08016dec   0x08016dec   0x0000005e   Code   RO          255    .text.HAL_UART_Init  stm32f4xx_hal_uart.o
    0x08016e4a   0x08016e4a   0x00000002   PAD
    0x08016e4c   0x08016e4c   0x00000068   Code   RO           73    .text.HAL_UART_MspInit  stm32f4xx_hal_msp.o
    0x08016eb4   0x08016eb4   0x00000002   Code   RO           48    .text.HardFault_Handler  stm32f4xx_it.o
    0x08016eb6   0x08016eb6   0x00000002   PAD
    0x08016eb8   0x08016eb8   0x00000002   Code   RO           50    .text.MemManage_Handler  stm32f4xx_it.o
    0x08016eba   0x08016eba   0x00000002   PAD
    0x08016ebc   0x08016ebc   0x00000002   Code   RO           46    .text.NMI_Handler   stm32f4xx_it.o
    0x08016ebe   0x08016ebe   0x00000002   PAD
    0x08016ec0   0x08016ec0   0x00000002   Code   RO           60    .text.PendSV_Handler  stm32f4xx_it.o
    0x08016ec2   0x08016ec2   0x00000002   PAD
    0x08016ec4   0x08016ec4   0x00000002   Code   RO           56    .text.SVC_Handler   stm32f4xx_it.o
    0x08016ec6   0x08016ec6   0x00000002   PAD
    0x08016ec8   0x08016ec8   0x00000004   Code   RO           62    .text.SysTick_Handler  stm32f4xx_it.o
    0x08016ecc   0x08016ecc   0x000000ac   Code   RO           13    .text.SystemClock_Config  main.o
    0x08016f78   0x08016f78   0x00000012   Code   RO          770    .text.SystemInit    system_stm32f4xx.o
    0x08016f8a   0x08016f8a   0x00000002   PAD
    0x08016f8c   0x08016f8c   0x000000e2   Code   RO          259    .text.UART_SetConfig  stm32f4xx_hal_uart.o
    0x0801706e   0x0801706e   0x00000002   PAD
    0x08017070   0x08017070   0x00000002   Code   RO           54    .text.UsageFault_Handler  stm32f4xx_it.o
    0x08017072   0x08017072   0x00000002   PAD
    0x08017074   0x08017074   0x000005a4   Code   RO         1997    .text.arm_convolve_HWC_q15_basic  arm_convolve_hwc_q15_basic.o
    0x08017618   0x08017618   0x0000014a   Code   RO          241    .text.arm_maxpool_q15_HWC_ref  batch.o
    0x08017762   0x08017762   0x00000002   PAD
    0x08017764   0x08017764   0x00000406   Code   RO          243    .text.batch_norm_first_layer  batch.o
    0x08017b6a   0x08017b6a   0x00000002   PAD
    0x08017b6c   0x08017b6c   0x000002b6   Code   RO           11    .text.main          main.o
    0x08017e22   0x08017e22   0x0000000e   Code   RO         2688    i.__scatterload_copy  mc_w.l(handlers.o)
    0x08017e30   0x08017e30   0x00000002   Code   RO         2689    i.__scatterload_null  mc_w.l(handlers.o)
    0x08017e32   0x08017e32   0x0000000e   Code   RO         2690    i.__scatterload_zeroinit  mc_w.l(handlers.o)
    0x08017e40   0x08017e40   0x00000010   Data   RO          775    .rodata.AHBPrescTable  system_stm32f4xx.o
    0x08017e50   0x08017e50   0x00000008   Data   RO          776    .rodata.APBPrescTable  system_stm32f4xx.o
    0x08017e58   0x08017e58   0x00000020   Data   RO         2687    Region$$Table       anon$$obj.o


    Execution Region RW_IRAM1 (Exec base: 0x20000000, Load base: 0x08017e78, Size: 0x000177c0, Max: 0x00018000, ABSOLUTE, COMPRESSED[0x000016e0])

    Exec Addr    Load Addr    Size         Type   Attr      Idx    E Section Name        Object

    0x20000000   COMPRESSED   0x0000005c   Data   RW           35    .data..L_MergedGlobals  main.o
    0x2000005c   COMPRESSED   0x00000008   Data   RW          735    .data..L_MergedGlobals  stm32f4xx_hal.o
    0x20000064   COMPRESSED   0x00000050   Data   RW           36    .data..L_MergedGlobals.1  main.o
    0x200000b4   COMPRESSED   0x00000004   Data   RW          774    .data.SystemCoreClock  system_stm32f4xx.o
    0x200000b8   COMPRESSED   0x00000080   Data   RW           23    .data.bn1offset     main.o
    0x20000138   COMPRESSED   0x00000080   Data   RW           22    .data.bn1thr        main.o
    0x200001b8   COMPRESSED   0x00000080   Data   RW           27    .data.bn2offset     main.o
    0x20000238   COMPRESSED   0x00000080   Data   RW           26    .data.bn2thr        main.o
    0x200002b8   COMPRESSED   0x00000080   Data   RW           31    .data.bn3offset     main.o
    0x20000338   COMPRESSED   0x00000080   Data   RW           30    .data.bn3thr        main.o
    0x200003b8   COMPRESSED   0x00000c00   Data   RW           17    .data.l1_act        main.o
    0x20000fb8   COMPRESSED   0x000012c0   Data   RW           19    .data.l1wght        main.o
    0x20002278   COMPRESSED   0x00000180   Data   RW           24    .data.l2wght        main.o
    0x200023f8   COMPRESSED   0x00000180   Data   RW           28    .data.l3wght        main.o
    0x20002578   COMPRESSED   0x00000280   Data   RW           32    .data.l4wght        main.o
    0x200027f8        -       0x00000068   Zero   RW           37    .bss..L_MergedGlobals.2  main.o
    0x20002860        -       0x00000044   Zero   RW           33    .bss.huart2         main.o
    0x200028a4        -       0x00000096   Zero   RW           20    .bss.img_buffer1    main.o
    0x2000293a   COMPRESSED   0x00000002   PAD
    0x2000293c        -       0x00000800   Zero   RW           21    .bss.l2act_bin      main.o
    0x2000313c        -       0x00000200   Zero   RW           25    .bss.l3act_bin      main.o
    0x2000333c        -       0x00000080   Zero   RW           29    .bss.l4act_bin      main.o
    0x200033bc        -       0x00014000   Zero   RW           18    .bss.temp           main.o
    0x200173bc        -       0x00000004   Zero   RW          734    .bss.uwTick         stm32f4xx_hal.o
    0x200173c0        -       0x00000400   Zero   RW            1    STACK               startup_stm32f401xe.o


==============================================================================

Image component sizes


      Code (inc. data)   RO Data    RW Data    ZI Data      Debug   Object Name

      1444          0          0          0          0       6045   arm_convolve_hwc_q15_basic.o
      1360          0          0          0          0       4798   batch.o
       866          0          0      10220      84930       7257   main.o
        36          8        404          0       1024        796   startup_stm32f401xe.o
       164          0          0          8          4       6840   stm32f4xx_hal.o
       162          0          0          0          0       9980   stm32f4xx_hal_cortex.o
       452          0          0          0          0       5638   stm32f4xx_hal_gpio.o
       164          0          0          0          0       4777   stm32f4xx_hal_msp.o
      1424          0          0          0          0       7414   stm32f4xx_hal_rcc.o
       320          0          0          0          0      23072   stm32f4xx_hal_uart.o
        20          0          0          0          0        882   stm32f4xx_it.o
        18          0         24          4          0       2630   system_stm32f4xx.o
     90532          0          0          0          0     156224   xnor_cn.o

    ----------------------------------------------------------------------
     97018          8        460      10232      85960     236353   Object Totals
         0          0         32          0          0          0   (incl. Generated)
        56          0          0          0          2          0   (incl. Padding)

    ----------------------------------------------------------------------

      Code (inc. data)   RO Data    RW Data    ZI Data      Debug   Library Member Name

        86          0          0          0          0          0   __dczerorl2.o
         0          0          0          0          0          0   entry.o
         0          0          0          0          0          0   entry10a.o
         0          0          0          0          0          0   entry11a.o
         8          4          0          0          0          0   entry2.o
         4          0          0          0          0          0   entry5.o
         0          0          0          0          0          0   entry7b.o
         0          0          0          0          0          0   entry8b.o
         8          4          0          0          0          0   entry9a.o
        30          0          0          0          0          0   handlers.o
        36          8          0          0          0         68   init.o
        30          0          0          0          0         68   llshl.o
        32          0          0          0          0         68   llushr.o
        64          0          0          0          0         76   memmovea.o
        36          0          0          0          0        108   memseta.o
        98          0          0          0          0         92   uldiv.o

    ----------------------------------------------------------------------
       434         16          0          0          0        480   Library Totals
         2          0          0          0          0          0   (incl. Padding)

    ----------------------------------------------------------------------

      Code (inc. data)   RO Data    RW Data    ZI Data      Debug   Library Name

       432         16          0          0          0        480   mc_w.l

    ----------------------------------------------------------------------
       434         16          0          0          0        480   Library Totals

    ----------------------------------------------------------------------

==============================================================================


      Code (inc. data)   RO Data    RW Data    ZI Data      Debug   

     97452         24        460      10232      85960     236785   Grand Totals
     97452         24        460       5856      85960     236785   ELF Image Totals (compressed)
     97452         24        460       5856          0          0   ROM Totals

==============================================================================

    Total RO  Size (Code + RO Data)                97912 (  95.62kB)
    Total RW  Size (RW Data + ZI Data)             96192 (  93.94kB)
    Total ROM Size (Code + RO Data + RW Data)     103768 ( 101.34kB)

==============================================================================

