<html>
<body>
<pre>
<h1>µVision Build Log</h1>
<h2>Tool Versions:</h2>
IDE-Version: µVision V5.34.0.0
Copyright (C) 2021 ARM Ltd and ARM Germany GmbH. All rights reserved.
License Information: Feiqian zhu UCLA Flex license: MDK Professional 5.34 (Flex) (mdk_pro) Operation stops: 6 Apr 2024
 
Tool Versions:
Toolchain:       MDK Professional 5.34 (Flex)  Version: 5.34.0.0
Toolchain Path:  C:\Keil_v5\ARM\ARMCLANG\Bin
C Compiler:      ArmClang.exe V6.16
Assembler:       Armasm.exe V6.16
Linker/Locator:  ArmLink.exe V6.16
Library Manager: ArmAr.exe V6.16
Hex Converter:   FromElf.exe V6.16
CPU DLL:         SARMCM3.DLL V5.34.0.0
Dialog DLL:      DCM.DLL V1.17.3.0
Target DLL:      STLink\ST-LINKIII-KEIL_SWO.dll V3.0.8.0
Dialog DLL:      TCM.DLL V1.48.0.0
 
<h2>Project:</h2>
E:\workspace\xnor\MDK-ARM\xnor.uvprojx
Project File Date:  09/02/2021

<h2>Output:</h2>
*** Using Compiler 'V6.16', folder: 'C:\Keil_v5\ARM\ARMCLANG\Bin'
Rebuild target 'xnor'
assembling startup_stm32f401xe.s...
../Core/Src/stm32f4xx_it.c(22): warning: In file included from...
../Core/Inc\main.h(54): warning: In file included from...
../Core/Inc/conv1_bias.h(1): warning: ISO C99 requires whitespace after the macro name [-Wc99-extensions]
#define _conv1_bias{ 0,0,0,0,0,0,0,0,0,0,0,0,0,0,0,0,0,0,0,0,0,0,0,0,0,0,0,0,0,0,0,0 }
                   ^
1 warning generated.
compiling stm32f4xx_it.c...
compiling batch.c...
../Core/Src/stm32f4xx_hal_msp.c(23): warning: In file included from...
../Core/Inc\main.h(54): warning: In file included from...
../Core/Inc/conv1_bias.h(1): warning: ISO C99 requires whitespace after the macro name [-Wc99-extensions]
#define _conv1_bias{ 0,0,0,0,0,0,0,0,0,0,0,0,0,0,0,0,0,0,0,0,0,0,0,0,0,0,0,0,0,0,0,0 }
                   ^
1 warning generated.
compiling stm32f4xx_hal_msp.c...
compiling xnor_base.c...
compiling stm32f4xx_hal_tim.c...
../Core/Src/main.c(21): warning: In file included from...
../Core/Inc\main.h(54): warning: In file included from...
../Core/Inc/conv1_bias.h(1): warning: ISO C99 requires whitespace after the macro name [-Wc99-extensions]
#define _conv1_bias{ 0,0,0,0,0,0,0,0,0,0,0,0,0,0,0,0,0,0,0,0,0,0,0,0,0,0,0,0,0,0,0,0 }
                   ^
../Core/Src/main.c(125): warning: implicit declaration of function 'CnXnorWrap' is invalid in C99 [-Wimplicit-function-declaration]
                        CnXnorWrap(l2act_bin, l2wght, C2Z, C2XY, C2XY, C2Z, C2KXY, C2KXY, C2KZ, l3act_bin, C2PD, C2PL, bn2thr, bn2sign, bn2offset,2,2);
                        ^
../Core/Src/main.c(127): warning: implicit declaration of function 'CnXnorNoBinWrap' is invalid in C99 [-Wimplicit-function-declaration]
                        int res = CnXnorNoBinWrap(l4act_bin, l4wght, C4Z, C4XY, C4XY, C4Z, C4KXY, C4KXY, C4KZ, output, C4PD, C4PL, bn4mean, bn4var, bn4gamma, bn4beta,2,2);
                                  ^
3 warnings generated.
compiling main.c...
compiling bwn_dense_cn.c...
compiling stm32f4xx_hal_tim_ex.c...
compiling stm32f4xx_hal_rcc_ex.c...
compiling stm32f4xx_hal_flash.c...
compiling stm32f4xx_hal_flash_ramfunc.c...
compiling stm32f4xx_hal_rcc.c...
compiling 3pxnet_fc.c...
compiling stm32f4xx_hal_flash_ex.c...
compiling xnor_fc.c...
compiling stm32f4xx_hal_gpio.c...
compiling stm32f4xx_hal_uart.c...
compiling stm32f4xx_hal_pwr.c...
compiling stm32f4xx_hal_pwr_ex.c...
compiling stm32f4xx_hal_dma_ex.c...
compiling stm32f4xx_hal_dma.c...
compiling stm32f4xx_hal.c...
compiling stm32f4xx_hal_cortex.c...
compiling stm32f4xx_hal_exti.c...
compiling system_stm32f4xx.c...
compiling BayesFunctions.c...
compiling ControllerFunctions.c...
compiling FastMathFunctions.c...
../Core/Src/3pxnet_cn.c(285): warning: non-void function does not return a value in all control paths [-Wreturn-type]
}
^
1 warning generated.
compiling 3pxnet_cn.c...
compiling ComplexMathFunctions.c...
compiling SVMFunctions.c...
compiling BasicMathFunctions.c...
compiling arm_nn_activations_q15.c...
compiling DistanceFunctions.c...
compiling arm_nn_activations_q7.c...
compiling arm_relu6_s8.c...
compiling StatisticsFunctions.c...
compiling arm_relu_q15.c...
compiling arm_relu_q7.c...
compiling arm_elementwise_add_s8.c...
compiling arm_concatenation_s8_w.c...
compiling arm_elementwise_mul_s8.c...
compiling SupportFunctions.c...
compiling MatrixFunctions.c...
compiling CommonTables.c...
compiling TransformFunctions.c...
../Core/Src/xnor_cn.c(208): warning: non-void function does not return a value in all control paths [-Wreturn-type]
}
^
1 warning generated.
compiling xnor_cn.c...
compiling FilteringFunctions.c...
compiling arm_concatenation_s8_x.c...
compiling arm_concatenation_s8_y.c...
compiling arm_convolve_HWC_q7_basic.c...
compiling arm_convolve_HWC_q7_basic_nonsquare.c...
compiling arm_concatenation_s8_z.c...
compiling arm_convolve_1_x_n_s8.c...
compiling arm_convolve_1x1_s8_fast.c...
compiling arm_convolve_1x1_HWC_q7_fast_nonsquare.c...
compiling arm_convolve_HWC_q15_basic.c...
compiling arm_convolve_HWC_q7_fast.c...
compiling arm_convolve_s8.c...
compiling arm_convolve_HWC_q7_fast_nonsquare.c...
compiling arm_convolve_HWC_q15_fast.c...
compiling arm_depthwise_conv_u8_basic_ver1.c...
compiling arm_depthwise_conv_3x3_s8.c...
compiling arm_depthwise_conv_s8_opt.c...
compiling arm_depthwise_conv_s8.c...
compiling arm_depthwise_separable_conv_HWC_q7.c...
compiling arm_depthwise_separable_conv_HWC_q7_nonsquare.c...
compiling arm_nn_depthwise_conv_s8_core.c...
compiling arm_nn_mat_mult_s8.c...
compiling arm_nn_mat_mult_kernel_q7_q15.c...
compiling arm_nn_mat_mult_kernel_q7_q15_reordered.c...
compiling arm_nn_mat_mult_kernel_s8_s16_reordered.c...
compiling arm_nn_mat_mult_kernel_s8_s16.c...
compiling arm_fully_connected_mat_q7_vec_q15.c...
compiling arm_fully_connected_mat_q7_vec_q15_opt.c...
compiling arm_fully_connected_q15.c...
compiling arm_fully_connected_q15_opt.c...
compiling arm_fully_connected_s8.c...
compiling arm_nn_accumulate_q7_to_q15.c...
compiling arm_fully_connected_q7.c...
compiling arm_nn_add_q7.c...
compiling arm_fully_connected_q7_opt.c...
compiling arm_convolve_HWC_q15_fast_nonsquare.c...
compiling arm_nn_mat_mul_core_1x_s8.c...
compiling arm_nn_mat_mul_core_4x_s8.c...
compiling arm_nn_mult_q15.c...
compiling arm_nn_mult_q7.c...
compiling arm_nntables.c...
compiling arm_q7_to_q15_reordered_no_shift.c...
compiling arm_q7_to_q15_no_shift.c...
compiling arm_q7_to_q15_reordered_with_offset.c...
compiling arm_nn_vec_mat_mult_t_s8.c...
compiling arm_nn_mat_mult_nt_t_s8.c...
compiling arm_q7_to_q15_with_offset.c...
compiling arm_avgpool_s8.c...
compiling arm_convolve_HWC_q7_RGB.c...
compiling arm_max_pool_s8.c...
compiling arm_reshape_s8.c...
compiling arm_softmax_q15.c...
compiling arm_softmax_with_batch_q7.c...
compiling arm_max_pool_s8_opt.c...
compiling arm_softmax_q7.c...
compiling arm_softmax_s8.c...
compiling arm_softmax_u8.c...
compiling arm_pool_q7_HWC.c...
linking...
Program Size: Code=97452 RO-data=460 RW-data=10232 ZI-data=85960  
FromELF: creating hex file...
"xnor\xnor.axf" - 0 Error(s), 7 Warning(s).

<h2>Software Packages used:</h2>

Package Vendor: ARM
                http://www.keil.com/pack/ARM.CMSIS.5.7.0.pack
                ARM.CMSIS.5.7.0
                CMSIS (Cortex Microcontroller Software Interface Standard)
   * Component: CORE Version: 5.4.0
   * Component: DSP Variant: Source Version: 1.8.0
   * Component: NN Lib Version: 1.3.0

Package Vendor: Keil
                http://www.keil.com/pack/Keil.STM32F4xx_DFP.2.15.0.pack
                Keil.STM32F4xx_DFP.2.15.0
                STMicroelectronics STM32F4 Series Device Support, Drivers and Examples

<h2>Collection of Component include folders:</h2>
  .\RTE\_xnor
  C:\Users\zhufe\AppData\Local\Arm\Packs\ARM\CMSIS\5.7.0\CMSIS\Core\Include
  C:\Users\zhufe\AppData\Local\Arm\Packs\ARM\CMSIS\5.7.0\CMSIS\DSP\Include
  C:\Users\zhufe\AppData\Local\Arm\Packs\ARM\CMSIS\5.7.0\CMSIS\DSP\PrivateInclude
  C:\Users\zhufe\AppData\Local\Arm\Packs\ARM\CMSIS\5.7.0\CMSIS\NN\Include
  C:\Users\zhufe\AppData\Local\Arm\Packs\Keil\STM32F4xx_DFP\2.15.0\Drivers\CMSIS\Device\ST\STM32F4xx\Include

<h2>Collection of Component Files used:</h2>

   * Component: ARM::CMSIS:CORE:5.4.0
      Include file:  CMSIS\Core\Include\tz_context.h

   * Component: ARM::CMSIS:DSP:Source:1.8.0
      Source file:   CMSIS\DSP\Source\BayesFunctions\BayesFunctions.c
      Source file:   CMSIS\DSP\Source\FastMathFunctions\FastMathFunctions.c
      Source file:   CMSIS\DSP\Source\SupportFunctions\SupportFunctions.c
      Source file:   CMSIS\DSP\Source\ComplexMathFunctions\ComplexMathFunctions.c
      Source file:   CMSIS\DSP\Source\DistanceFunctions\DistanceFunctions.c
      Source file:   CMSIS\DSP\Source\FilteringFunctions\FilteringFunctions.c
      Source file:   CMSIS\DSP\Source\SVMFunctions\SVMFunctions.c
      Source file:   CMSIS\DSP\Source\CommonTables\CommonTables.c
      Source file:   CMSIS\DSP\Source\MatrixFunctions\MatrixFunctions.c
      Source file:   CMSIS\DSP\Source\ControllerFunctions\ControllerFunctions.c
      Source file:   CMSIS\DSP\Source\BasicMathFunctions\BasicMathFunctions.c
      Include file:  CMSIS\DSP\Include\arm_math.h
      Source file:   CMSIS\DSP\Source\TransformFunctions\TransformFunctions.c
      Source file:   CMSIS\DSP\Source\StatisticsFunctions\StatisticsFunctions.c

   * Component: ARM::CMSIS:NN Lib:1.3.0
      Include file:  CMSIS\NN\Include\arm_nnsupportfunctions.h
      Source file:   CMSIS\NN\Source\ConvolutionFunctions\arm_convolve_HWC_q7_fast_nonsquare.c
      Source file:   CMSIS\NN\Source\ConvolutionFunctions\arm_convolve_HWC_q7_RGB.c
      Source file:   CMSIS\NN\Source\ConvolutionFunctions\arm_convolve_1_x_n_s8.c
      Source file:   CMSIS\NN\Source\ConvolutionFunctions\arm_depthwise_conv_u8_basic_ver1.c
      Source file:   CMSIS\NN\Source\ConvolutionFunctions\arm_nn_mat_mult_kernel_s8_s16_reordered.c
      Source file:   CMSIS\NN\Source\ConvolutionFunctions\arm_depthwise_separable_conv_HWC_q7.c
      Source file:   CMSIS\NN\Source\ConvolutionFunctions\arm_nn_mat_mult_kernel_q7_q15.c
      Source file:   CMSIS\NN\Source\ConvolutionFunctions\arm_convolve_HWC_q15_basic.c
      Include file:  CMSIS\NN\Include\arm_nnfunctions.h
      Source file:   CMSIS\NN\Source\ConvolutionFunctions\arm_nn_mat_mult_kernel_s8_s16.c
      Include file:  CMSIS\NN\Include\arm_nn_tables.h
      Source file:   CMSIS\NN\Source\ConvolutionFunctions\arm_convolve_HWC_q7_fast.c
      Source file:   CMSIS\NN\Source\ConvolutionFunctions\arm_depthwise_conv_s8.c
      Source file:   CMSIS\NN\Source\ConcatenationFunctions\arm_concatenation_s8_w.c
      Source file:   CMSIS\NN\Source\BasicMathFunctions\arm_elementwise_add_s8.c
      Source file:   CMSIS\NN\Source\ConvolutionFunctions\arm_convolve_s8.c
      Source file:   CMSIS\NN\Source\ConvolutionFunctions\arm_depthwise_separable_conv_HWC_q7_nonsquare.c
      Source file:   CMSIS\NN\Source\ConvolutionFunctions\arm_convolve_1x1_s8_fast.c
      Source file:   CMSIS\NN\Source\ConvolutionFunctions\arm_nn_depthwise_conv_s8_core.c
      Source file:   CMSIS\NN\Source\ConvolutionFunctions\arm_convolve_1x1_HWC_q7_fast_nonsquare.c
      Source file:   CMSIS\NN\Source\PoolingFunctions\arm_pool_q7_HWC.c
      Source file:   CMSIS\NN\Source\ConvolutionFunctions\arm_nn_mat_mult_s8.c
      Source file:   CMSIS\NN\Source\ConvolutionFunctions\arm_depthwise_conv_s8_opt.c
      Source file:   CMSIS\NN\Source\PoolingFunctions\arm_max_pool_s8_opt.c
      Source file:   CMSIS\NN\Source\PoolingFunctions\arm_max_pool_s8.c
      Source file:   CMSIS\NN\Source\BasicMathFunctions\arm_elementwise_mul_s8.c
      Source file:   CMSIS\NN\Source\ActivationFunctions\arm_relu_q15.c
      Source file:   CMSIS\NN\Source\ConvolutionFunctions\arm_convolve_HWC_q15_fast_nonsquare.c
      Source file:   CMSIS\NN\Source\ActivationFunctions\arm_relu6_s8.c
      Source file:   CMSIS\NN\Source\ConvolutionFunctions\arm_convolve_HWC_q7_basic.c
      Source file:   CMSIS\NN\Source\ActivationFunctions\arm_relu_q7.c
      Source file:   CMSIS\NN\Source\ConvolutionFunctions\arm_convolve_HWC_q7_basic_nonsquare.c
      Source file:   CMSIS\NN\Source\ConvolutionFunctions\arm_convolve_HWC_q15_fast.c
      Source file:   CMSIS\NN\Source\ActivationFunctions\arm_nn_activations_q15.c
      Source file:   CMSIS\NN\Source\ConcatenationFunctions\arm_concatenation_s8_x.c
      Source file:   CMSIS\NN\Source\ConvolutionFunctions\arm_depthwise_conv_3x3_s8.c
      Source file:   CMSIS\NN\Source\ActivationFunctions\arm_nn_activations_q7.c
      Source file:   CMSIS\NN\Source\ConcatenationFunctions\arm_concatenation_s8_y.c
      Source file:   CMSIS\NN\Source\PoolingFunctions\arm_avgpool_s8.c
      Source file:   CMSIS\NN\Source\ConvolutionFunctions\arm_nn_mat_mult_kernel_q7_q15_reordered.c
      Source file:   CMSIS\NN\Source\ConcatenationFunctions\arm_concatenation_s8_z.c
      Source file:   CMSIS\NN\Source\ReshapeFunctions\arm_reshape_s8.c
      Source file:   CMSIS\NN\Source\NNSupportFunctions\arm_nn_mult_q7.c
      Source file:   CMSIS\NN\Source\NNSupportFunctions\arm_q7_to_q15_reordered_no_shift.c
      Source file:   CMSIS\NN\Source\NNSupportFunctions\arm_q7_to_q15_no_shift.c
      Source file:   CMSIS\NN\Source\NNSupportFunctions\arm_nn_mat_mul_core_4x_s8.c
      Source file:   CMSIS\NN\Source\NNSupportFunctions\arm_nn_add_q7.c
      Source file:   CMSIS\NN\Source\NNSupportFunctions\arm_nn_mult_q15.c
      Source file:   CMSIS\NN\Source\NNSupportFunctions\arm_nn_mat_mul_core_1x_s8.c
      Source file:   CMSIS\NN\Source\FullyConnectedFunctions\arm_fully_connected_q15_opt.c
      Source file:   CMSIS\NN\Source\FullyConnectedFunctions\arm_fully_connected_q7.c
      Source file:   CMSIS\NN\Source\FullyConnectedFunctions\arm_fully_connected_mat_q7_vec_q15.c
      Source file:   CMSIS\NN\Source\SoftmaxFunctions\arm_softmax_s8.c
      Source file:   CMSIS\NN\Source\NNSupportFunctions\arm_nn_mat_mult_nt_t_s8.c
      Source file:   CMSIS\NN\Source\FullyConnectedFunctions\arm_fully_connected_s8.c
      Source file:   CMSIS\NN\Source\FullyConnectedFunctions\arm_fully_connected_mat_q7_vec_q15_opt.c
      Source file:   CMSIS\NN\Source\SoftmaxFunctions\arm_softmax_q15.c
      Source file:   CMSIS\NN\Source\NNSupportFunctions\arm_nn_vec_mat_mult_t_s8.c
      Source file:   CMSIS\NN\Source\NNSupportFunctions\arm_nn_accumulate_q7_to_q15.c
      Source file:   CMSIS\NN\Source\SoftmaxFunctions\arm_softmax_with_batch_q7.c
      Source file:   CMSIS\NN\Source\FullyConnectedFunctions\arm_fully_connected_q15.c
      Source file:   CMSIS\NN\Source\NNSupportFunctions\arm_nntables.c
      Source file:   CMSIS\NN\Source\FullyConnectedFunctions\arm_fully_connected_q7_opt.c
      Source file:   CMSIS\NN\Source\NNSupportFunctions\arm_q7_to_q15_with_offset.c
      Source file:   CMSIS\NN\Source\SoftmaxFunctions\arm_softmax_q7.c
      Source file:   CMSIS\NN\Source\NNSupportFunctions\arm_q7_to_q15_reordered_with_offset.c
      Source file:   CMSIS\NN\Source\SoftmaxFunctions\arm_softmax_u8.c
Build Time Elapsed:  00:00:21
</pre>
</body>
</html>
